Archive member included because of file (symbol)

./../Libraries/WiFi/TI/../BCDS_Customization/debug/libWifiLib_efm32_debug.a(netapp.o)
                              C:/Users/mpe6fe/DevTools/XDK_Workbench/workspace/Bosch-XDK-Portal-orig_V2/Bosch-XDK-Portal-orig/debug/objects/paho/XDK/mqttXDK.o (sl_NetAppDnsGetHostByName)
./../Libraries/WiFi/TI/../BCDS_Customization/debug/libWifiLib_efm32_debug.a(netcfg.o)
                              C:/Users/mpe6fe/DevTools/XDK_Workbench/workspace/Bosch-XDK-Portal-orig_V2/Bosch-XDK-Portal-orig/debug/objects/bxpWifi.o (sl_NetCfgGet)
./../Libraries/WiFi/TI/../BCDS_Customization/debug/libWifiLib_efm32_debug.a(socket.o)
                              C:/Users/mpe6fe/DevTools/XDK_Workbench/workspace/Bosch-XDK-Portal-orig_V2/Bosch-XDK-Portal-orig/debug/objects/paho/XDK/mqttXDK.o (sl_Socket)
./../Libraries/WiFi/TI/../BCDS_Customization/debug/libWifiLib_efm32_debug.a(driver.o)
                              ./../Libraries/WiFi/TI/../BCDS_Customization/debug/libWifiLib_efm32_debug.a(netapp.o) (_SlDrvProtectAsyncRespSetting)
./../Libraries/WiFi/TI/../BCDS_Customization/debug/libWifiLib_efm32_debug.a(device.o)
                              ./../Libraries/WiFi/TI/../BCDS_Customization/debug/libWifiLib_efm32_debug.a(driver.o) (_sl_HandleAsync_Stop)
./../Platform/Wlan/debug/libWlan_efm32_debug.a(NetworkConfig.o)
                              ./../Libraries/WiFi/TI/../BCDS_Customization/debug/libWifiLib_efm32_debug.a(driver.o) (NetworkConfig_SlNetAppEvtHdlr)
./../Platform/Wlan/debug/libWlan_efm32_debug.a(WlanConnect.o)
                              ./../Libraries/WiFi/TI/../BCDS_Customization/debug/libWifiLib_efm32_debug.a(driver.o) (WlanConnect_SlGeneralEventHdlr)
./../Platform/Wlan/debug/libWlan_efm32_debug.a(WlanDriver.o)
                              ./../Platform/Wlan/debug/libWlan_efm32_debug.a(WlanConnect.o) (WlanDriver_Init)
./../Platform/ServalPAL_WiFi/release/libServalPalWifi_efm32.a(PAL_ip_cc.o)
                              C:/Users/mpe6fe/DevTools/XDK_Workbench/workspace/Bosch-XDK-Portal-orig_V2/Bosch-XDK-Portal-orig/debug/objects/bxpWifi.o (Ip_convertAddrToString)
./../Platform/MiscDrivers/debug/libMiscDrivers_efm32_debug.a(SDCardDriver.o)
                              C:/Users/mpe6fe/DevTools/XDK_Workbench/workspace/Bosch-XDK-Portal-orig_V2/Bosch-XDK-Portal-orig/debug/objects/bxpConfig.o (SDCardDriver_Disconnect)
./../Platform/Sensors/debug/libSensors_efm32_debug.a(Environmental.o)
                              C:/Users/mpe6fe/DevTools/XDK_Workbench/workspace/Bosch-XDK-Portal-orig_V2/Bosch-XDK-Portal-orig/debug/objects/bxpSensor.o (Environmental_init)
./../Platform/Sensors/debug/libSensors_efm32_debug.a(Gyroscope.o)
                              C:/Users/mpe6fe/DevTools/XDK_Workbench/workspace/Bosch-XDK-Portal-orig_V2/Bosch-XDK-Portal-orig/debug/objects/bxpSensor.o (Gyroscope_init)
./../Platform/Sensors/debug/libSensors_efm32_debug.a(Accelerometer.o)
                              C:/Users/mpe6fe/DevTools/XDK_Workbench/workspace/Bosch-XDK-Portal-orig_V2/Bosch-XDK-Portal-orig/debug/objects/bxpSensor.o (Accelerometer_init)
./../Platform/Sensors/debug/libSensors_efm32_debug.a(LightSensor.o)
                              C:/Users/mpe6fe/DevTools/XDK_Workbench/workspace/Bosch-XDK-Portal-orig_V2/Bosch-XDK-Portal-orig/debug/objects/bxpSensor.o (LightSensor_init)
./../Platform/Sensors/debug/libSensors_efm32_debug.a(Magnetometer.o)
                              C:/Users/mpe6fe/DevTools/XDK_Workbench/workspace/Bosch-XDK-Portal-orig_V2/Bosch-XDK-Portal-orig/debug/objects/bxpSensor.o (Magnetometer_init)
./../Platform/SensorUtils/debug/libSensorUtils_efm32_debug.a(Bma280Utils.o)
                              ./../Platform/Sensors/debug/libSensors_efm32_debug.a(Accelerometer.o) (Bma280Utils_initialize)
./../Platform/SensorUtils/debug/libSensorUtils_efm32_debug.a(AxisRemap.o)
                              ./../Platform/SensorUtils/debug/libSensorUtils_efm32_debug.a(Bma280Utils.o) (AxisRemap_remapSensorData)
./../Platform/SensorUtils/debug/libSensorUtils_efm32_debug.a(Bmi160Utils.o)
                              ./../Platform/Sensors/debug/libSensors_efm32_debug.a(Gyroscope.o) (Bmi160Utils_initialize)
./../Platform/SensorUtils/debug/libSensorUtils_efm32_debug.a(Bmg160Utils.o)
                              ./../Platform/Sensors/debug/libSensors_efm32_debug.a(Gyroscope.o) (Bmg160Utils_initialize)
./../Platform/SensorUtils/debug/libSensorUtils_efm32_debug.a(Bme280Utils.o)
                              ./../Platform/Sensors/debug/libSensors_efm32_debug.a(Environmental.o) (Bme280Utils_initialize)
./../Platform/SensorUtils/debug/libSensorUtils_efm32_debug.a(Bmm150Utils.o)
                              ./../Platform/Sensors/debug/libSensors_efm32_debug.a(Magnetometer.o) (Bmm150Utils_initialize)
./../Platform/SensorUtils/debug/libSensorUtils_efm32_debug.a(Max44009Utils.o)
                              ./../Platform/Sensors/debug/libSensors_efm32_debug.a(LightSensor.o) (Max44009Utils_initialize)
[...]
Memory Configuration

Name             Origin             Length             Attributes
FLASH            0x00010000         0x000f0000         xr
RAM              0x20000000         0x00020000         xrw
*default*        0x00000000         0xffffffff

Linker script and memory map

LOAD c:/users/mpe6fe/devtools/xdk_workbench/v2/armgcc/bin/../lib/gcc/arm-none-eabi/4.7.4/armv7-m/crti.o
LOAD c:/users/mpe6fe/devtools/xdk_workbench/v2/armgcc/bin/../lib/gcc/arm-none-eabi/4.7.4/armv7-m/crtbegin.o
LOAD c:/users/mpe6fe/devtools/xdk_workbench/v2/armgcc/bin/../lib/gcc/arm-none-eabi/4.7.4/../../../../arm-none-eabi/lib/armv7-m/crt0.o
LOAD C:/Users/mpe6fe/DevTools/XDK_Workbench/workspace/Bosch-XDK-Portal-orig_V2/Bosch-XDK-Portal-orig/debug/objects/./../Platform/Utils/source/RSM_retargetStdioMessage/retargetio.o
LOAD C:/Users/mpe6fe/DevTools/XDK_Workbench/workspace/Bosch-XDK-Portal-orig_V2/Bosch-XDK-Portal-orig/debug/objects/./../Libraries/EMlib/EMLib/usb/src/em_usbdint.o
LOAD C:/Users/mpe6fe/DevTools/XDK_Workbench/workspace/Bosch-XDK-Portal-orig_V2/Bosch-XDK-Portal-orig/debug/objects/main.o
LOAD C:/Users/mpe6fe/DevTools/XDK_Workbench/workspace/Bosch-XDK-Portal-orig_V2/Bosch-XDK-Portal-orig/debug/objects/bxpSensor.o
LOAD C:/Users/mpe6fe/DevTools/XDK_Workbench/workspace/Bosch-XDK-Portal-orig_V2/Bosch-XDK-Portal-orig/debug/objects/bxpMqttClient.o
LOAD C:/Users/mpe6fe/DevTools/XDK_Workbench/workspace/Bosch-XDK-Portal-orig_V2/Bosch-XDK-Portal-orig/debug/objects/bxpInit.o
LOAD C:/Users/mpe6fe/DevTools/XDK_Workbench/workspace/Bosch-XDK-Portal-orig_V2/Bosch-XDK-Portal-orig/debug/objects/bxpWifi.o
LOAD C:/Users/mpe6fe/DevTools/XDK_Workbench/workspace/Bosch-XDK-Portal-orig_V2/Bosch-XDK-Portal-orig/debug/objects/bxpConfig.o
LOAD C:/Users/mpe6fe/DevTools/XDK_Workbench/workspace/Bosch-XDK-Portal-orig_V2/Bosch-XDK-Portal-orig/debug/objects/jsmn/jsmn.o
LOAD C:/Users/mpe6fe/DevTools/XDK_Workbench/workspace/Bosch-XDK-Portal-orig_V2/Bosch-XDK-Portal-orig/debug/objects/paho/XDK/mqttXDK.o
LOAD C:/Users/mpe6fe/DevTools/XDK_Workbench/workspace/Bosch-XDK-Portal-orig_V2/Bosch-XDK-Portal-orig/debug/objects/paho/MQTTClient.o
LOAD C:/Users/mpe6fe/DevTools/XDK_Workbench/workspace/Bosch-XDK-Portal-orig_V2/Bosch-XDK-Portal-orig/debug/objects/paho/MQTTConnectClient.o
LOAD C:/Users/mpe6fe/DevTools/XDK_Workbench/workspace/Bosch-XDK-Portal-orig_V2/Bosch-XDK-Portal-orig/debug/objects/paho/MQTTConnectServer.o
LOAD C:/Users/mpe6fe/DevTools/XDK_Workbench/workspace/Bosch-XDK-Portal-orig_V2/Bosch-XDK-Portal-orig/debug/objects/paho/MQTTDeserializePublish.o
LOAD C:/Users/mpe6fe/DevTools/XDK_Workbench/workspace/Bosch-XDK-Portal-orig_V2/Bosch-XDK-Portal-orig/debug/objects/paho/MQTTFormat.o
LOAD C:/Users/mpe6fe/DevTools/XDK_Workbench/workspace/Bosch-XDK-Portal-orig_V2/Bosch-XDK-Portal-orig/debug/objects/paho/MQTTPacket.o
LOAD C:/Users/mpe6fe/DevTools/XDK_Workbench/workspace/Bosch-XDK-Portal-orig_V2/Bosch-XDK-Portal-orig/debug/objects/paho/MQTTSerializePublish.o
LOAD C:/Users/mpe6fe/DevTools/XDK_Workbench/workspace/Bosch-XDK-Portal-orig_V2/Bosch-XDK-Portal-orig/debug/objects/paho/MQTTSubscribeClient.o
LOAD C:/Users/mpe6fe/DevTools/XDK_Workbench/workspace/Bosch-XDK-Portal-orig_V2/Bosch-XDK-Portal-orig/debug/objects/paho/MQTTSubscribeServer.o
LOAD C:/Users/mpe6fe/DevTools/XDK_Workbench/workspace/Bosch-XDK-Portal-orig_V2/Bosch-XDK-Portal-orig/debug/objects/paho/MQTTUnsubscribeClient.o
LOAD C:/Users/mpe6fe/DevTools/XDK_Workbench/workspace/Bosch-XDK-Portal-orig_V2/Bosch-XDK-Portal-orig/debug/objects/paho/MQTTUnsubscribeServer.o
LOAD C:/Users/mpe6fe/DevTools/XDK_Workbench/workspace/Bosch-XDK-Portal-orig_V2/Bosch-XDK-Portal-orig/debug/objects/startup_efm32gg.o
START GROUP
LOAD ./../Platform/SensorToolbox/release/libSensorToolbox.a
LOAD ./../Libraries/WiFi/TI/../BCDS_Customization/debug/libWifiLib_efm32_debug.a
LOAD ./../Platform/Wlan/debug/libWlan_efm32_debug.a
LOAD ./../Libraries/ServalStack/BCDS_Customization/release/libServalStack_efm32.a
LOAD ./../Platform/ServalPAL_WiFi/release/libServalPalWifi_efm32.a
LOAD ./../Platform/MiscDrivers/debug/libMiscDrivers_efm32_debug.a
LOAD ./../Platform/BLE/debug/libBLE_efm32_debug.a
LOAD ./../Platform/Sensors/debug/libSensors_efm32_debug.a
LOAD ./../Platform/SensorUtils/debug/libSensorUtils_efm32_debug.a
LOAD ./../Libraries/FreeRTOS/FreeRTOS/../BCDS_Customization/debug/libFreeRTOS_efm32_debug.a
LOAD ./../Platform/Peripherals/debug/libPeripherals_efm32_debug.a
LOAD ./../Libraries/EMlib/EMLib/../BCDS_Customization/debug/libEMLib_efm32_debug.a
LOAD ./../Libraries/BSTLib/BST_Github/../BCDS_Customization/debug/libBSTLib_efm32_debug.a
LOAD ../Common/debug/XDKCommon_efm32_debug.a
LOAD ./../Platform/Utils/debug/libUtils_efm32_debug.a
LOAD ./../Platform/Basics/debug/libBasics_efm32_debug.a
LOAD ./../Platform/SensorDrivers/debug/libSensorDrivers_efm32_debug.a
LOAD ./../Platform/Power/debug/libPOWER_efm32_debug.a
LOAD ./../Platform/SensorDrivers/debug/libSensorDrivers_efm32_debug.a
LOAD ./../Libraries/FATfs/BCDS_Customization/debug/libFATfs_efm32_debug.a
LOAD ./../Platform/FOTA/debug/libFOTA_efm32_debug.a
LOAD ./../Libraries/Escrypt_CycurTLS/CycurTLS/src/cycurlib/../../../BCDS_Customization/release/libCYCURTLS_efm32.a
LOAD ./../Libraries/BLEStack/Alpwise/Core_Stack/Libraries/BLESW_CoreStack_CM3.a
LOAD ./../Libraries/BLEStack/Alpwise/Service/Data_Exchange_Service/Libraries/BLESW_ALPWDEP_Server_CM3.a
LOAD ./../Libraries/BLEStack/Alpwise/Core_Stack/Libraries/BLESW_ALPWDES_CM3.a
LOAD ./../Libraries/BLEStack/Alpwise/Service/BLESW_AlertNotification/Libraries/BLESW_ANP_Server_CM3.a
LOAD ./../Libraries/BLEStack/Alpwise/Core_Stack/Libraries/BLESW_ANS_CM3.a
LOAD ./../Libraries/BLEStack/Alpwise/Service/BLESW_BloodPressure/Libraries/BLESW_BLP_Sensor_CM3.a
LOAD ./../Libraries/BLEStack/Alpwise/Core_Stack/Libraries/BLESW_BLS_CM3.a
LOAD ./../Libraries/BLEStack/Alpwise/Service/BLESW_CyclingPower/Libraries/BLESW_CPP_Sensor_CM3.a
LOAD ./../Libraries/BLEStack/Alpwise/Core_Stack/Libraries/BLESW_CPS_CM3.a
LOAD ./../Libraries/BLEStack/Alpwise/Service/BLESW_CyclingSpeedAndCadence/Libraries/BLESW_CSCP_Sensor_CM3.a
LOAD ./../Libraries/BLEStack/Alpwise/Core_Stack/Libraries/BLESW_CSCS_CM3.a
LOAD ./../Libraries/BLEStack/Alpwise/Service/BLESW_Glucose/Libraries/BLESW_GLP_Sensor_CM3.a
LOAD ./../Libraries/BLEStack/Alpwise/Core_Stack/Libraries/BLESW_GLS_CM3.a
LOAD ./../Libraries/BLEStack/Alpwise/Service/BLESW_HealthThermometer/Libraries/BLESW_HTP_Thermometer_CM3.a
LOAD ./../Libraries/BLEStack/Alpwise/Core_Stack/Libraries/BLESW_HTS_CM3.a
LOAD ./../Libraries/BLEStack/Alpwise/Service/BLESW_HeartRate/Libraries/BLESW_HRP_Sensor_CM3.a
LOAD ./../Libraries/BLEStack/Alpwise/Core_Stack/Libraries/BLESW_HRS_CM3.a
LOAD ./../Libraries/BLEStack/Alpwise/Service/BLESW_HumanInterfaceDevice/Libraries/BLESW_HID_Host_CM3.a
LOAD ./../Libraries/BLEStack/Alpwise/Core_Stack/Libraries/BLESW_HIDS_CM3.a
LOAD ./../Libraries/BLEStack/Alpwise/Service/BLESW_LocationAndNavigation/Libraries/BLESW_LNP_Sensor_CM3.a
LOAD ./../Libraries/BLEStack/Alpwise/Core_Stack/Libraries/BLESW_LNS_CM3.a
LOAD ./../Libraries/BLEStack/Alpwise/Service/BLESW_NetworkAvailability/Libraries/BLESW_NWAP_Reporter_CM3.a
LOAD ./../Libraries/BLEStack/Alpwise/Core_Stack/Libraries/BLESW_NWAS_CM3.a
LOAD ./../Libraries/BLEStack/Alpwise/Service/BLESW_PhoneAlertStatus/Libraries/BLESW_PASP_Server_CM3.a
LOAD ./../Libraries/BLEStack/Alpwise/Core_Stack/Libraries/BLESW_PASS_CM3.a
LOAD ./../Libraries/BLEStack/Alpwise/Service/BLESW_RunningSpeedAndCadence/Libraries/BLESW_RSCP_Sensor_CM3.a
LOAD ./../Libraries/BLEStack/Alpwise/Core_Stack/Libraries/BLESW_RSCS_CM3.a
LOAD ./../Libraries/EMlib/EMLib/CMSIS/Lib/GCC/libarm_cortexM3l_math.a
END GROUP
START GROUP
LOAD c:/users/mpe6fe/devtools/xdk_workbench/v2/armgcc/bin/../lib/gcc/arm-none-eabi/4.7.4/armv7-m\libgcc.a
LOAD c:/users/mpe6fe/devtools/xdk_workbench/v2/armgcc/bin/../lib/gcc/arm-none-eabi/4.7.4/../../../../arm-none-eabi/lib/armv7-m\libc.a
LOAD c:/users/mpe6fe/devtools/xdk_workbench/v2/armgcc/bin/../lib/gcc/arm-none-eabi/4.7.4/../../../../arm-none-eabi/lib/armv7-m\libm.a
END GROUP
START GROUP
LOAD c:/users/mpe6fe/devtools/xdk_workbench/v2/armgcc/bin/../lib/gcc/arm-none-eabi/4.7.4/armv7-m\libgcc.a
LOAD c:/users/mpe6fe/devtools/xdk_workbench/v2/armgcc/bin/../lib/gcc/arm-none-eabi/4.7.4/../../../../arm-none-eabi/lib/armv7-m\libc.a
END GROUP
LOAD c:/users/mpe6fe/devtools/xdk_workbench/v2/armgcc/bin/../lib/gcc/arm-none-eabi/4.7.4/armv7-m/crtend.o
LOAD c:/users/mpe6fe/devtools/xdk_workbench/v2/armgcc/bin/../lib/gcc/arm-none-eabi/4.7.4/armv7-m/crtn.o

.text           0x00010000    0x308b4
 *(.isr_vector)
 .isr_vector    0x00010000      0x100 C:/Users/mpe6fe/DevTools/XDK_Workbench/workspace/Bosch-XDK-Portal-orig_V2/Bosch-XDK-Portal-orig/debug/objects/startup_efm32gg.o
                0x00010000                __isr_vector
 *(.text*)
 .text          0x00010100       0x54 c:/users/mpe6fe/devtools/xdk_workbench/v2/armgcc/bin/../lib/gcc/arm-none-eabi/4.7.4/armv7-m/crtbegin.o
 .text          0x00010154       0x70 c:/users/mpe6fe/devtools/xdk_workbench/v2/armgcc/bin/../lib/gcc/arm-none-eabi/4.7.4/../../../../arm-none-eabi/lib/armv7-m/crt0.o
                0x00010154                _start
                0x00010154                start
                0x00010154                _mainCRTStartup
 .text._close   0x000101c4       0x18 C:/Users/mpe6fe/DevTools/XDK_Workbench/workspace/Bosch-XDK-Portal-orig_V2/Bosch-XDK-Portal-orig/debug/objects/./../Platform/Utils/source/RSM_retargetStdioMessage/retargetio.o
                0x000101c4                _close
 .text._exit    0x000101dc        0xc C:/Users/mpe6fe/DevTools/XDK_Workbench/workspace/Bosch-XDK-Portal-orig_V2/Bosch-XDK-Portal-orig/debug/objects/./../Platform/Utils/source/RSM_retargetStdioMessage/retargetio.o
                0x000101dc                _exit
 .text._fstat   0x000101e8       0x24 C:/Users/mpe6fe/DevTools/XDK_Workbench/workspace/Bosch-XDK-Portal-orig_V2/Bosch-XDK-Portal-orig/debug/objects/./../Platform/Utils/source/RSM_retargetStdioMessage/retargetio.o
                0x000101e8                _fstat
 .text._isatty  0x0001020c       0x18 C:/Users/mpe6fe/DevTools/XDK_Workbench/workspace/Bosch-XDK-Portal-orig_V2/Bosch-XDK-Portal-orig/debug/objects/./../Platform/Utils/source/RSM_retargetStdioMessage/retargetio.o
                0x0001020c                _isatty
 .text._lseek   0x00010224       0x1c C:/Users/mpe6fe/DevTools/XDK_Workbench/workspace/Bosch-XDK-Portal-orig_V2/Bosch-XDK-Portal-orig/debug/objects/./../Platform/Utils/source/RSM_retargetStdioMessage/retargetio.o
                0x00010224                _lseek
 .text._read    0x00010240       0x70 C:/Users/mpe6fe/DevTools/XDK_Workbench/workspace/Bosch-XDK-Portal-orig_V2/Bosch-XDK-Portal-orig/debug/objects/./../Platform/Utils/source/RSM_retargetStdioMessage/retargetio.o
                0x00010240                _read
 .text._sbrk    0x000102b0       0xa0 C:/Users/mpe6fe/DevTools/XDK_Workbench/workspace/Bosch-XDK-Portal-orig_V2/Bosch-XDK-Portal-orig/debug/objects/./../Platform/Utils/source/RSM_retargetStdioMessage/retargetio.o
                0x000102b0                _sbrk
 .text._write   0x00010350       0x20 C:/Users/mpe6fe/DevTools/XDK_Workbench/workspace/Bosch-XDK-Portal-orig_V2/Bosch-XDK-Portal-orig/debug/objects/./../Platform/Utils/source/RSM_retargetStdioMessage/retargetio.o
                0x00010350                _write
 .text.INT_Disable
                0x00010370       0x40 C:/Users/mpe6fe/DevTools/XDK_Workbench/workspace/Bosch-XDK-Portal-orig_V2/Bosch-XDK-Portal-orig/debug/objects/./../Libraries/EMlib/EMLib/usb/src/em_usbdint.o
 .text.INT_Enable
                0x000103b0       0x54 C:/Users/mpe6fe/DevTools/XDK_Workbench/workspace/Bosch-XDK-Portal-orig_V2/Bosch-XDK-Portal-orig/debug/objects/./../Libraries/EMlib/EMLib/usb/src/em_usbdint.o
 .text.USBHAL_FlushTxFifo
                0x00010404       0x4c C:/Users/mpe6fe/DevTools/XDK_Workbench/workspace/Bosch-XDK-Portal-orig_V2/Bosch-XDK-Portal-orig/debug/objects/./../Libraries/EMlib/EMLib/usb/src/em_usbdint.o
 .text.USBHAL_GetCoreInts
                0x00010450       0x40 C:/Users/mpe6fe/DevTools/XDK_Workbench/workspace/Bosch-XDK-Portal-orig_V2/Bosch-XDK-Portal-orig/debug/objects/./../Libraries/EMlib/EMLib/usb/src/em_usbdint.o
 .text.USBDHAL_EnableInts
                0x00010490       0x70 C:/Users/mpe6fe/DevTools/XDK_Workbench/workspace/Bosch-XDK-Portal-orig_V2/Bosch-XDK-Portal-orig/debug/objects/./../Libraries/EMlib/EMLib/usb/src/em_usbdint.o
 .text.USBDHAL_Ep0Activate
                0x00010500       0x70 C:/Users/mpe6fe/DevTools/XDK_Workbench/workspace/Bosch-XDK-Portal-orig_V2/Bosch-XDK-Portal-orig/debug/objects/./../Libraries/EMlib/EMLib/usb/src/em_usbdint.o
 .text.USBDHAL_GetAllInEpInts
                0x00010570       0x48 C:/Users/mpe6fe/DevTools/XDK_Workbench/workspace/Bosch-XDK-Portal-orig_V2/Bosch-XDK-Portal-orig/debug/objects/./../Libraries/EMlib/EMLib/usb/src/em_usbdint.o
 .text.USBDHAL_GetAllOutEpInts
                0x000105b8       0x44 C:/Users/mpe6fe/DevTools/XDK_Workbench/workspace/Bosch-XDK-Portal-orig_V2/Bosch-XDK-Portal-orig/debug/objects/./../Libraries/EMlib/EMLib/usb/src/em_usbdint.o
 .text.USBDHAL_GetInEpInts
                0x000105fc       0x44 C:/Users/mpe6fe/DevTools/XDK_Workbench/workspace/Bosch-XDK-Portal-orig_V2/Bosch-XDK-Portal-orig/debug/objects/./../Libraries/EMlib/EMLib/usb/src/em_usbdint.o
 .text.USBDHAL_GetOutEpInts
                0x00010640       0x44 C:/Users/mpe6fe/DevTools/XDK_Workbench/workspace/Bosch-XDK-Portal-orig_V2/Bosch-XDK-Portal-orig/debug/objects/./../Libraries/EMlib/EMLib/usb/src/em_usbdint.o
 .text.USBDHAL_StartEp0Setup
                0x00010684       0x88 C:/Users/mpe6fe/DevTools/XDK_Workbench/workspace/Bosch-XDK-Portal-orig_V2/Bosch-XDK-Portal-orig/debug/objects/./../Libraries/EMlib/EMLib/usb/src/em_usbdint.o
 .text.USBD_GetEpFromAddr
                0x0001070c       0xa0 C:/Users/mpe6fe/DevTools/XDK_Workbench/workspace/Bosch-XDK-Portal-orig_V2/Bosch-XDK-Portal-orig/debug/objects/./../Libraries/EMlib/EMLib/usb/src/em_usbdint.o
 .text.USB_IRQHandler
                0x000107ac      0x16c C:/Users/mpe6fe/DevTools/XDK_Workbench/workspace/Bosch-XDK-Portal-orig_V2/Bosch-XDK-Portal-orig/debug/objects/./../Libraries/EMlib/EMLib/usb/src/em_usbdint.o
                0x000107ac                USB_IRQHandler
 .text.Handle_USB_GINTSTS_ENUMDONE
                0x00010918       0x3c C:/Users/mpe6fe/DevTools/XDK_Workbench/workspace/Bosch-XDK-Portal-orig_V2/Bosch-XDK-Portal-orig/debug/objects/./../Libraries/EMlib/EMLib/usb/src/em_usbdint.o
 .text.Handle_USB_GINTSTS_IEPINT
                0x00010954      0x118 C:/Users/mpe6fe/DevTools/XDK_Workbench/workspace/Bosch-XDK-Portal-orig_V2/Bosch-XDK-Portal-orig/debug/objects/./../Libraries/EMlib/EMLib/usb/src/em_usbdint.o
 .text.Handle_USB_GINTSTS_OEPINT
                0x00010a6c      0x230 C:/Users/mpe6fe/DevTools/XDK_Workbench/workspace/Bosch-XDK-Portal-orig_V2/Bosch-XDK-Portal-orig/debug/objects/./../Libraries/EMlib/EMLib/usb/src/em_usbdint.o
 .text.Handle_USB_GINTSTS_RESETDET
                0x00010c9c       0x40 C:/Users/mpe6fe/DevTools/XDK_Workbench/workspace/Bosch-XDK-Portal-orig_V2/Bosch-XDK-Portal-orig/debug/objects/./../Libraries/EMlib/EMLib/usb/src/em_usbdint.o
 .text.Handle_USB_GINTSTS_SOF
                0x00010cdc       0x64 C:/Users/mpe6fe/DevTools/XDK_Workbench/workspace/Bosch-XDK-Portal-orig_V2/Bosch-XDK-Portal-orig/debug/objects/./../Libraries/EMlib/EMLib/usb/src/em_usbdint.o
 .text.Handle_USB_GINTSTS_USBRST
                0x00010d40      0x150 C:/Users/mpe6fe/DevTools/XDK_Workbench/workspace/Bosch-XDK-Portal-orig_V2/Bosch-XDK-Portal-orig/debug/objects/./../Libraries/EMlib/EMLib/usb/src/em_usbdint.o
 .text.Handle_USB_GINTSTS_USBSUSP
                0x00010e90       0x68 C:/Users/mpe6fe/DevTools/XDK_Workbench/workspace/Bosch-XDK-Portal-orig_V2/Bosch-XDK-Portal-orig/debug/objects/./../Libraries/EMlib/EMLib/usb/src/em_usbdint.o
 .text.Handle_USB_GINTSTS_WKUPINT
                0x00010ef8       0x30 C:/Users/mpe6fe/DevTools/XDK_Workbench/workspace/Bosch-XDK-Portal-orig_V2/Bosch-XDK-Portal-orig/debug/objects/./../Libraries/EMlib/EMLib/usb/src/em_usbdint.o
 .text.main     0x00010f28       0x1c C:/Users/mpe6fe/DevTools/XDK_Workbench/workspace/Bosch-XDK-Portal-orig_V2/Bosch-XDK-Portal-orig/debug/objects/main.o
                0x00010f28                main
 .text.sensorInitializeAccel
                0x00010f44       0x3c C:/Users/mpe6fe/DevTools/XDK_Workbench/workspace/Bosch-XDK-Portal-orig_V2/Bosch-XDK-Portal-orig/debug/objects/bxpSensor.o
 .text.sensorInitializeGyro
                0x00010f80       0x3c C:/Users/mpe6fe/DevTools/XDK_Workbench/workspace/Bosch-XDK-Portal-orig_V2/Bosch-XDK-Portal-orig/debug/objects/bxpSensor.o
 .text.sensorInitializeMag
                0x00010fbc       0x5c C:/Users/mpe6fe/DevTools/XDK_Workbench/workspace/Bosch-XDK-Portal-orig_V2/Bosch-XDK-Portal-orig/debug/objects/bxpSensor.o
 .text.sensorInitializeLight
                0x00011018       0x5c C:/Users/mpe6fe/DevTools/XDK_Workbench/workspace/Bosch-XDK-Portal-orig_V2/Bosch-XDK-Portal-orig/debug/objects/bxpSensor.o
 .text.sensorInitializeEnv
                0x00011074       0x3c C:/Users/mpe6fe/DevTools/XDK_Workbench/workspace/Bosch-XDK-Portal-orig_V2/Bosch-XDK-Portal-orig/debug/objects/bxpSensor.o
 .text.sensorPostInitLightSensor
                0x000110b0       0x30 C:/Users/mpe6fe/DevTools/XDK_Workbench/workspace/Bosch-XDK-Portal-orig_V2/Bosch-XDK-Portal-orig/debug/objects/bxpSensor.o
 .text.sensorPostInitMagSensor
                0x000110e0       0x30 C:/Users/mpe6fe/DevTools/XDK_Workbench/workspace/Bosch-XDK-Portal-orig_V2/Bosch-XDK-Portal-orig/debug/objects/bxpSensor.o
 .text.sensorAvgAccel
                0x00011110      0x358 C:/Users/mpe6fe/DevTools/XDK_Workbench/workspace/Bosch-XDK-Portal-orig_V2/Bosch-XDK-Portal-orig/debug/objects/bxpSensor.o
 .text.sensorAvgGyro
                0x00011468      0x358 C:/Users/mpe6fe/DevTools/XDK_Workbench/workspace/Bosch-XDK-Portal-orig_V2/Bosch-XDK-Portal-orig/debug/objects/bxpSensor.o
 .text.sensorAvgMag
                0x000117c0      0x354 C:/Users/mpe6fe/DevTools/XDK_Workbench/workspace/Bosch-XDK-Portal-orig_V2/Bosch-XDK-Portal-orig/debug/objects/bxpSensor.o
 .text.sensorAvgLight
                0x00011b14      0x130 C:/Users/mpe6fe/DevTools/XDK_Workbench/workspace/Bosch-XDK-Portal-orig_V2/Bosch-XDK-Portal-orig/debug/objects/bxpSensor.o
 .text.sensorAvgEnv
                0x00011c44      0x35c C:/Users/mpe6fe/DevTools/XDK_Workbench/workspace/Bosch-XDK-Portal-orig_V2/Bosch-XDK-Portal-orig/debug/objects/bxpSensor.o
 .text.Sensor_sendStreamDataTimerHandler
                0x00011fa0      0x558 C:/Users/mpe6fe/DevTools/XDK_Workbench/workspace/Bosch-XDK-Portal-orig_V2/Bosch-XDK-Portal-orig/debug/objects/bxpSensor.o
                0x00011fa0                Sensor_sendStreamDataTimerHandler
 .text.Sensor_sendReportData
                0x000124f8      0xc14 C:/Users/mpe6fe/DevTools/XDK_Workbench/workspace/Bosch-XDK-Portal-orig_V2/Bosch-XDK-Portal-orig/debug/objects/bxpSensor.o
                0x000124f8                Sensor_sendReportData
 .text.Sensor_sendConfigDataTimerHandler
                0x0001310c      0x418 C:/Users/mpe6fe/DevTools/XDK_Workbench/workspace/Bosch-XDK-Portal-orig_V2/Bosch-XDK-Portal-orig/debug/objects/bxpSensor.o
                0x0001310c                Sensor_sendConfigDataTimerHandler
 .text.Sensor_resetReportData
                0x00013524      0x3a8 C:/Users/mpe6fe/DevTools/XDK_Workbench/workspace/Bosch-XDK-Portal-orig_V2/Bosch-XDK-Portal-orig/debug/objects/bxpSensor.o
                0x00013524                Sensor_resetReportData
 .text.Sensor_init
                0x000138cc       0x80 C:/Users/mpe6fe/DevTools/XDK_Workbench/workspace/Bosch-XDK-Portal-orig_V2/Bosch-XDK-Portal-orig/debug/objects/bxpSensor.o
                0x000138cc                Sensor_init
 .text.GPIO_PinOutClear
                0x0001394c       0x4c C:/Users/mpe6fe/DevTools/XDK_Workbench/workspace/Bosch-XDK-Portal-orig_V2/Bosch-XDK-Portal-orig/debug/objects/bxpMqttClient.o
 .text.GPIO_PinOutSet
                0x00013998       0x4c C:/Users/mpe6fe/DevTools/XDK_Workbench/workspace/Bosch-XDK-Portal-orig_V2/Bosch-XDK-Portal-orig/debug/objects/bxpMqttClient.o
 .text.clientUpdateTimerPeriod
                0x000139e4      0x174 C:/Users/mpe6fe/DevTools/XDK_Workbench/workspace/Bosch-XDK-Portal-orig_V2/Bosch-XDK-Portal-orig/debug/objects/bxpMqttClient.o
 .text.clientReconfigure
                0x00013b58       0xb4 C:/Users/mpe6fe/DevTools/XDK_Workbench/workspace/Bosch-XDK-Portal-orig_V2/Bosch-XDK-Portal-orig/debug/objects/bxpMqttClient.o
 .text.clientRecv
                0x00013c0c       0xa8 C:/Users/mpe6fe/DevTools/XDK_Workbench/workspace/Bosch-XDK-Portal-orig_V2/Bosch-XDK-Portal-orig/debug/objects/bxpMqttClient.o
 .text.clientTask
                0x00013cb4      0x1e0 C:/Users/mpe6fe/DevTools/XDK_Workbench/workspace/Bosch-XDK-Portal-orig_V2/Bosch-XDK-Portal-orig/debug/objects/bxpMqttClient.o
 .text.clientStartTimer
                0x00013e94       0x5c C:/Users/mpe6fe/DevTools/XDK_Workbench/workspace/Bosch-XDK-Portal-orig_V2/Bosch-XDK-Portal-orig/debug/objects/bxpMqttClient.o
                0x00013e94                clientStartTimer
 .text.clientStopTimer
                0x00013ef0       0x50 C:/Users/mpe6fe/DevTools/XDK_Workbench/workspace/Bosch-XDK-Portal-orig_V2/Bosch-XDK-Portal-orig/debug/objects/bxpMqttClient.o
                0x00013ef0                clientStopTimer
 .text.clientInit
                0x00013f40      0x404 C:/Users/mpe6fe/DevTools/XDK_Workbench/workspace/Bosch-XDK-Portal-orig_V2/Bosch-XDK-Portal-orig/debug/objects/bxpMqttClient.o
                0x00013f40                clientInit
 .text.clientDeinit
                0x00014344       0x58 C:/Users/mpe6fe/DevTools/XDK_Workbench/workspace/Bosch-XDK-Portal-orig_V2/Bosch-XDK-Portal-orig/debug/objects/bxpMqttClient.o
                0x00014344                clientDeinit
 .text.GPIO_PinOutClear
                0x0001439c       0x4c C:/Users/mpe6fe/DevTools/XDK_Workbench/workspace/Bosch-XDK-Portal-orig_V2/Bosch-XDK-Portal-orig/debug/objects/bxpInit.o
 .text.GPIO_PinOutSet
                0x000143e8       0x4c C:/Users/mpe6fe/DevTools/XDK_Workbench/workspace/Bosch-XDK-Portal-orig_V2/Bosch-XDK-Portal-orig/debug/objects/bxpInit.o
 .text.bisInit  0x00014434       0x54 C:/Users/mpe6fe/DevTools/XDK_Workbench/workspace/Bosch-XDK-Portal-orig_V2/Bosch-XDK-Portal-orig/debug/objects/bxpInit.o
                0x00014434                bisInit
 .text.appInitSystem
                0x00014488       0x38 C:/Users/mpe6fe/DevTools/XDK_Workbench/workspace/Bosch-XDK-Portal-orig_V2/Bosch-XDK-Portal-orig/debug/objects/bxpInit.o
                0x00014488                appInitSystem
 .text.wifiInit
                0x000144c0      0x1d4 C:/Users/mpe6fe/DevTools/XDK_Workbench/workspace/Bosch-XDK-Portal-orig_V2/Bosch-XDK-Portal-orig/debug/objects/bxpWifi.o
                0x000144c0                wifiInit
 .text.GPIO_PinOutClear
                0x00014694       0x4c C:/Users/mpe6fe/DevTools/XDK_Workbench/workspace/Bosch-XDK-Portal-orig_V2/Bosch-XDK-Portal-orig/debug/objects/bxpConfig.o
 .text.cfgJsonTokenParser
                0x000146e0      0x1f4 C:/Users/mpe6fe/DevTools/XDK_Workbench/workspace/Bosch-XDK-Portal-orig_V2/Bosch-XDK-Portal-orig/debug/objects/bxpConfig.o
 .text.cfgGetToken
                0x000148d4      0x1e4 C:/Users/mpe6fe/DevTools/XDK_Workbench/workspace/Bosch-XDK-Portal-orig_V2/Bosch-XDK-Portal-orig/debug/objects/bxpConfig.o
 .text.cfgParseSDConfigFile
                0x00014ab8      0x32c C:/Users/mpe6fe/DevTools/XDK_Workbench/workspace/Bosch-XDK-Portal-orig_V2/Bosch-XDK-Portal-orig/debug/objects/bxpConfig.o
 .text.cfgSdcDisconnect
                0x00014de4       0x18 C:/Users/mpe6fe/DevTools/XDK_Workbench/workspace/Bosch-XDK-Portal-orig_V2/Bosch-XDK-Portal-orig/debug/objects/bxpConfig.o
 .text.cfgReadSDConfigFiles
                0x00014dfc      0x2ec C:/Users/mpe6fe/DevTools/XDK_Workbench/workspace/Bosch-XDK-Portal-orig_V2/Bosch-XDK-Portal-orig/debug/objects/bxpConfig.o
 .text.CFG_init
                0x000150e8       0x30 C:/Users/mpe6fe/DevTools/XDK_Workbench/workspace/Bosch-XDK-Portal-orig_V2/Bosch-XDK-Portal-orig/debug/objects/bxpConfig.o
                0x000150e8                CFG_init
 .text.CFG_getWlanSsid
                0x00015118       0x30 C:/Users/mpe6fe/DevTools/XDK_Workbench/workspace/Bosch-XDK-Portal-orig_V2/Bosch-XDK-Portal-orig/debug/objects/bxpConfig.o
                0x00015118                CFG_getWlanSsid
 .text.CFG_getWlanPwd
                0x00015148       0x30 C:/Users/mpe6fe/DevTools/XDK_Workbench/workspace/Bosch-XDK-Portal-orig_V2/Bosch-XDK-Portal-orig/debug/objects/bxpConfig.o
                0x00015148                CFG_getWlanPwd
 .text.CFG_getMqttRandomClient
                0x00015178       0xbc C:/Users/mpe6fe/DevTools/XDK_Workbench/workspace/Bosch-XDK-Portal-orig_V2/Bosch-XDK-Portal-orig/debug/objects/bxpConfig.o
                0x00015178                CFG_getMqttRandomClient
 .text.CFG_getMqttBrokerName
                0x00015234       0x30 C:/Users/mpe6fe/DevTools/XDK_Workbench/workspace/Bosch-XDK-Portal-orig_V2/Bosch-XDK-Portal-orig/debug/objects/bxpConfig.o
                0x00015234                CFG_getMqttBrokerName
 .text.CFG_getMqttPort
                0x00015264       0x38 C:/Users/mpe6fe/DevTools/XDK_Workbench/workspace/Bosch-XDK-Portal-orig_V2/Bosch-XDK-Portal-orig/debug/objects/bxpConfig.o
                0x00015264                CFG_getMqttPort
 .text.CFG_getGroupId
                0x0001529c       0x30 C:/Users/mpe6fe/DevTools/XDK_Workbench/workspace/Bosch-XDK-Portal-orig_V2/Bosch-XDK-Portal-orig/debug/objects/bxpConfig.o
                0x0001529c                CFG_getGroupId
 .text.CFG_getConfigRate
                0x000152cc       0x3c C:/Users/mpe6fe/DevTools/XDK_Workbench/workspace/Bosch-XDK-Portal-orig_V2/Bosch-XDK-Portal-orig/debug/objects/bxpConfig.o
                0x000152cc                CFG_getConfigRate
 .text.CFG_getReportSamples
                0x00015308       0x38 C:/Users/mpe6fe/DevTools/XDK_Workbench/workspace/Bosch-XDK-Portal-orig_V2/Bosch-XDK-Portal-orig/debug/objects/bxpConfig.o
                0x00015308                CFG_getReportSamples
 .text.CFG_getStreamRate
                0x00015340       0x38 C:/Users/mpe6fe/DevTools/XDK_Workbench/workspace/Bosch-XDK-Portal-orig_V2/Bosch-XDK-Portal-orig/debug/objects/bxpConfig.o
                0x00015340                CFG_getStreamRate
 .text.CFG_getAccelStautsString
                0x00015378       0x30 C:/Users/mpe6fe/DevTools/XDK_Workbench/workspace/Bosch-XDK-Portal-orig_V2/Bosch-XDK-Portal-orig/debug/objects/bxpConfig.o
                0x00015378                CFG_getAccelStautsString
 .text.CFG_getGyroStautsString
                0x000153a8       0x30 C:/Users/mpe6fe/DevTools/XDK_Workbench/workspace/Bosch-XDK-Portal-orig_V2/Bosch-XDK-Portal-orig/debug/objects/bxpConfig.o
                0x000153a8                CFG_getGyroStautsString
 .text.CFG_getMagStautsString
                0x000153d8       0x30 C:/Users/mpe6fe/DevTools/XDK_Workbench/workspace/Bosch-XDK-Portal-orig_V2/Bosch-XDK-Portal-orig/debug/objects/bxpConfig.o
                0x000153d8                CFG_getMagStautsString
 .text.CFG_getLightStautsString
                0x00015408       0x30 C:/Users/mpe6fe/DevTools/XDK_Workbench/workspace/Bosch-XDK-Portal-orig_V2/Bosch-XDK-Portal-orig/debug/objects/bxpConfig.o
                0x00015408                CFG_getLightStautsString
 .text.CFG_getTempStautsString
                0x00015438       0x30 C:/Users/mpe6fe/DevTools/XDK_Workbench/workspace/Bosch-XDK-Portal-orig_V2/Bosch-XDK-Portal-orig/debug/objects/bxpConfig.o
                0x00015438                CFG_getTempStautsString
 .text.CFG_getPresStautsString
                0x00015468       0x30 C:/Users/mpe6fe/DevTools/XDK_Workbench/workspace/Bosch-XDK-Portal-orig_V2/Bosch-XDK-Portal-orig/debug/objects/bxpConfig.o
                0x00015468                CFG_getPresStautsString
 .text.CFG_getHumStautsString
                0x00015498       0x30 C:/Users/mpe6fe/DevTools/XDK_Workbench/workspace/Bosch-XDK-Portal-orig_V2/Bosch-XDK-Portal-orig/debug/objects/bxpConfig.o
                0x00015498                CFG_getHumStautsString
 .text.CFG_ParseJsonConfigFile
                0x000154c8      0x2e8 C:/Users/mpe6fe/DevTools/XDK_Workbench/workspace/Bosch-XDK-Portal-orig_V2/Bosch-XDK-Portal-orig/debug/objects/bxpConfig.o
                0x000154c8                CFG_ParseJsonConfigFile
 .text.jsmn_alloc_token
                0x000157b0       0x58 C:/Users/mpe6fe/DevTools/XDK_Workbench/workspace/Bosch-XDK-Portal-orig_V2/Bosch-XDK-Portal-orig/debug/objects/jsmn/jsmn.o
 .text.jsmn_fill_token
                0x00015808       0x34 C:/Users/mpe6fe/DevTools/XDK_Workbench/workspace/Bosch-XDK-Portal-orig_V2/Bosch-XDK-Portal-orig/debug/objects/jsmn/jsmn.o
 .text.jsmn_parse_primitive
                0x0001583c       0xfc C:/Users/mpe6fe/DevTools/XDK_Workbench/workspace/Bosch-XDK-Portal-orig_V2/Bosch-XDK-Portal-orig/debug/objects/jsmn/jsmn.o
 .text.jsmn_parse_string
                0x00015938      0x304 C:/Users/mpe6fe/DevTools/XDK_Workbench/workspace/Bosch-XDK-Portal-orig_V2/Bosch-XDK-Portal-orig/debug/objects/jsmn/jsmn.o
 .text.jsmn_parse
                0x00015c3c      0x384 C:/Users/mpe6fe/DevTools/XDK_Workbench/workspace/Bosch-XDK-Portal-orig_V2/Bosch-XDK-Portal-orig/debug/objects/jsmn/jsmn.o
                0x00015c3c                jsmn_parse
 .text.jsmn_init
                0x00015fc0       0x2c C:/Users/mpe6fe/DevTools/XDK_Workbench/workspace/Bosch-XDK-Portal-orig_V2/Bosch-XDK-Portal-orig/debug/objects/jsmn/jsmn.o
                0x00015fc0                jsmn_init
 .text.expired  0x00015fec       0x2c C:/Users/mpe6fe/DevTools/XDK_Workbench/workspace/Bosch-XDK-Portal-orig_V2/Bosch-XDK-Portal-orig/debug/objects/paho/XDK/mqttXDK.o
                0x00015fec                expired
 .text.countdown_ms
                0x00016018       0x24 C:/Users/mpe6fe/DevTools/XDK_Workbench/workspace/Bosch-XDK-Portal-orig_V2/Bosch-XDK-Portal-orig/debug/objects/paho/XDK/mqttXDK.o
                0x00016018                countdown_ms
 .text.countdown
                0x0001603c       0x2c C:/Users/mpe6fe/DevTools/XDK_Workbench/workspace/Bosch-XDK-Portal-orig_V2/Bosch-XDK-Portal-orig/debug/objects/paho/XDK/mqttXDK.o
                0x0001603c                countdown
 .text.left_ms  0x00016068       0x2c C:/Users/mpe6fe/DevTools/XDK_Workbench/workspace/Bosch-XDK-Portal-orig_V2/Bosch-XDK-Portal-orig/debug/objects/paho/XDK/mqttXDK.o
                0x00016068                left_ms
 .text.InitTimer
                0x00016094       0x1c C:/Users/mpe6fe/DevTools/XDK_Workbench/workspace/Bosch-XDK-Portal-orig_V2/Bosch-XDK-Portal-orig/debug/objects/paho/XDK/mqttXDK.o
                0x00016094                InitTimer
 .text.xdk_read
                0x000160b0       0xc8 C:/Users/mpe6fe/DevTools/XDK_Workbench/workspace/Bosch-XDK-Portal-orig_V2/Bosch-XDK-Portal-orig/debug/objects/paho/XDK/mqttXDK.o
                0x000160b0                xdk_read
 .text.xdk_write
                0x00016178       0xa4 C:/Users/mpe6fe/DevTools/XDK_Workbench/workspace/Bosch-XDK-Portal-orig_V2/Bosch-XDK-Portal-orig/debug/objects/paho/XDK/mqttXDK.o
                0x00016178                xdk_write
 .text.xdk_disconnect
                0x0001621c       0x20 C:/Users/mpe6fe/DevTools/XDK_Workbench/workspace/Bosch-XDK-Portal-orig_V2/Bosch-XDK-Portal-orig/debug/objects/paho/XDK/mqttXDK.o
                0x0001621c                xdk_disconnect
 .text.NewNetwork
                0x0001623c       0x40 C:/Users/mpe6fe/DevTools/XDK_Workbench/workspace/Bosch-XDK-Portal-orig_V2/Bosch-XDK-Portal-orig/debug/objects/paho/XDK/mqttXDK.o
                0x0001623c                NewNetwork
 .text.ConnectNetwork
                0x0001627c       0xc0 C:/Users/mpe6fe/DevTools/XDK_Workbench/workspace/Bosch-XDK-Portal-orig_V2/Bosch-XDK-Portal-orig/debug/objects/paho/XDK/mqttXDK.o
                0x0001627c                ConnectNetwork
 .text.NewMessageData
                0x0001633c       0x24 C:/Users/mpe6fe/DevTools/XDK_Workbench/workspace/Bosch-XDK-Portal-orig_V2/Bosch-XDK-Portal-orig/debug/objects/paho/MQTTClient.o
                0x0001633c                NewMessageData
 .text.getNextPacketId
                0x00016360       0x38 C:/Users/mpe6fe/DevTools/XDK_Workbench/workspace/Bosch-XDK-Portal-orig_V2/Bosch-XDK-Portal-orig/debug/objects/paho/MQTTClient.o
                0x00016360                getNextPacketId
 .text.sendPacket
                0x00016398       0x98 C:/Users/mpe6fe/DevTools/XDK_Workbench/workspace/Bosch-XDK-Portal-orig_V2/Bosch-XDK-Portal-orig/debug/objects/paho/MQTTClient.o
                0x00016398                sendPacket
 .text.MQTTClient
                0x00016430       0x88 C:/Users/mpe6fe/DevTools/XDK_Workbench/workspace/Bosch-XDK-Portal-orig_V2/Bosch-XDK-Portal-orig/debug/objects/paho/MQTTClient.o
                0x00016430                MQTTClient
 .text.decodePacket
                0x000164b8       0xa0 C:/Users/mpe6fe/DevTools/XDK_Workbench/workspace/Bosch-XDK-Portal-orig_V2/Bosch-XDK-Portal-orig/debug/objects/paho/MQTTClient.o
                0x000164b8                decodePacket
 .text.readPacket
                0x00016558       0xdc C:/Users/mpe6fe/DevTools/XDK_Workbench/workspace/Bosch-XDK-Portal-orig_V2/Bosch-XDK-Portal-orig/debug/objects/paho/MQTTClient.o
                0x00016558                readPacket
 .text.isTopicMatched
                0x00016634       0xe0 C:/Users/mpe6fe/DevTools/XDK_Workbench/workspace/Bosch-XDK-Portal-orig_V2/Bosch-XDK-Portal-orig/debug/objects/paho/MQTTClient.o
                0x00016634                isTopicMatched
 .text.deliverMessage
                0x00016714       0xf4 C:/Users/mpe6fe/DevTools/XDK_Workbench/workspace/Bosch-XDK-Portal-orig_V2/Bosch-XDK-Portal-orig/debug/objects/paho/MQTTClient.o
                0x00016714                deliverMessage
 .text.keepalive
                0x00016808       0x94 C:/Users/mpe6fe/DevTools/XDK_Workbench/workspace/Bosch-XDK-Portal-orig_V2/Bosch-XDK-Portal-orig/debug/objects/paho/MQTTClient.o
                0x00016808                keepalive
 .text.cycle    0x0001689c      0x1d8 C:/Users/mpe6fe/DevTools/XDK_Workbench/workspace/Bosch-XDK-Portal-orig_V2/Bosch-XDK-Portal-orig/debug/objects/paho/MQTTClient.o
                0x0001689c                cycle
 .text.MQTTYield
                0x00016a74       0x64 C:/Users/mpe6fe/DevTools/XDK_Workbench/workspace/Bosch-XDK-Portal-orig_V2/Bosch-XDK-Portal-orig/debug/objects/paho/MQTTClient.o
                0x00016a74                MQTTYield
 .text.waitfor  0x00016ad8       0x40 C:/Users/mpe6fe/DevTools/XDK_Workbench/workspace/Bosch-XDK-Portal-orig_V2/Bosch-XDK-Portal-orig/debug/objects/paho/MQTTClient.o
                0x00016ad8                waitfor
 .text.MQTTConnect
                0x00016b18      0x16c C:/Users/mpe6fe/DevTools/XDK_Workbench/workspace/Bosch-XDK-Portal-orig_V2/Bosch-XDK-Portal-orig/debug/objects/paho/MQTTClient.o
                0x00016b18                MQTTConnect
 .text.MQTTSubscribe
                0x00016c84      0x174 C:/Users/mpe6fe/DevTools/XDK_Workbench/workspace/Bosch-XDK-Portal-orig_V2/Bosch-XDK-Portal-orig/debug/objects/paho/MQTTClient.o
                0x00016c84                MQTTSubscribe
 .text.MQTTPublish
                0x00016df8      0x198 C:/Users/mpe6fe/DevTools/XDK_Workbench/workspace/Bosch-XDK-Portal-orig_V2/Bosch-XDK-Portal-orig/debug/objects/paho/MQTTClient.o
                0x00016df8                MQTTPublish
 .text.MQTTDisconnect
                0x00016f90       0x64 C:/Users/mpe6fe/DevTools/XDK_Workbench/workspace/Bosch-XDK-Portal-orig_V2/Bosch-XDK-Portal-orig/debug/objects/paho/MQTTClient.o
                0x00016f90                MQTTDisconnect
 .text.MQTTSerialize_connectLength
                0x00016ff4       0xe0 C:/Users/mpe6fe/DevTools/XDK_Workbench/workspace/Bosch-XDK-Portal-orig_V2/Bosch-XDK-Portal-orig/debug/objects/paho/MQTTConnectClient.o
                0x00016ff4                MQTTSerialize_connectLength
 .text.MQTTSerialize_connect
                0x000170d4      0x204 C:/Users/mpe6fe/DevTools/XDK_Workbench/workspace/Bosch-XDK-Portal-orig_V2/Bosch-XDK-Portal-orig/debug/objects/paho/MQTTConnectClient.o
                0x000170d4                MQTTSerialize_connect
 .text.MQTTDeserialize_connack
                0x000172d8       0xb8 C:/Users/mpe6fe/DevTools/XDK_Workbench/workspace/Bosch-XDK-Portal-orig_V2/Bosch-XDK-Portal-orig/debug/objects/paho/MQTTConnectClient.o
                0x000172d8                MQTTDeserialize_connack
 .text.MQTTSerialize_zero
                0x00017390       0x7c C:/Users/mpe6fe/DevTools/XDK_Workbench/workspace/Bosch-XDK-Portal-orig_V2/Bosch-XDK-Portal-orig/debug/objects/paho/MQTTConnectClient.o
                0x00017390                MQTTSerialize_zero
 .text.MQTTSerialize_disconnect
                0x0001740c       0x24 C:/Users/mpe6fe/DevTools/XDK_Workbench/workspace/Bosch-XDK-Portal-orig_V2/Bosch-XDK-Portal-orig/debug/objects/paho/MQTTConnectClient.o
                0x0001740c                MQTTSerialize_disconnect
 .text.MQTTSerialize_pingreq
                0x00017430       0x24 C:/Users/mpe6fe/DevTools/XDK_Workbench/workspace/Bosch-XDK-Portal-orig_V2/Bosch-XDK-Portal-orig/debug/objects/paho/MQTTConnectClient.o
                0x00017430                MQTTSerialize_pingreq
 .text.MQTTDeserialize_publish
                0x00017454       0xec C:/Users/mpe6fe/DevTools/XDK_Workbench/workspace/Bosch-XDK-Portal-orig_V2/Bosch-XDK-Portal-orig/debug/objects/paho/MQTTDeserializePublish.o
                0x00017454                MQTTDeserialize_publish
 .text.MQTTDeserialize_ack
                0x00017540       0xa0 C:/Users/mpe6fe/DevTools/XDK_Workbench/workspace/Bosch-XDK-Portal-orig_V2/Bosch-XDK-Portal-orig/debug/objects/paho/MQTTDeserializePublish.o
                0x00017540                MQTTDeserialize_ack
 .text.MQTTPacket_encode
                0x000175e0       0x74 C:/Users/mpe6fe/DevTools/XDK_Workbench/workspace/Bosch-XDK-Portal-orig_V2/Bosch-XDK-Portal-orig/debug/objects/paho/MQTTPacket.o
                0x000175e0                MQTTPacket_encode
 .text.MQTTPacket_decode
                0x00017654       0x88 C:/Users/mpe6fe/DevTools/XDK_Workbench/workspace/Bosch-XDK-Portal-orig_V2/Bosch-XDK-Portal-orig/debug/objects/paho/MQTTPacket.o
                0x00017654                MQTTPacket_decode
 .text.MQTTPacket_len
                0x000176dc       0x64 C:/Users/mpe6fe/DevTools/XDK_Workbench/workspace/Bosch-XDK-Portal-orig_V2/Bosch-XDK-Portal-orig/debug/objects/paho/MQTTPacket.o
                0x000176dc                MQTTPacket_len
 .text.bufchar  0x00017740       0x50 C:/Users/mpe6fe/DevTools/XDK_Workbench/workspace/Bosch-XDK-Portal-orig_V2/Bosch-XDK-Portal-orig/debug/objects/paho/MQTTPacket.o
                0x00017740                bufchar
 .text.MQTTPacket_decodeBuf
                0x00017790       0x30 C:/Users/mpe6fe/DevTools/XDK_Workbench/workspace/Bosch-XDK-Portal-orig_V2/Bosch-XDK-Portal-orig/debug/objects/paho/MQTTPacket.o
                0x00017790                MQTTPacket_decodeBuf
 .text.readInt  0x000177c0       0x3c C:/Users/mpe6fe/DevTools/XDK_Workbench/workspace/Bosch-XDK-Portal-orig_V2/Bosch-XDK-Portal-orig/debug/objects/paho/MQTTPacket.o
                0x000177c0                readInt
 .text.readChar
                0x000177fc       0x2c C:/Users/mpe6fe/DevTools/XDK_Workbench/workspace/Bosch-XDK-Portal-orig_V2/Bosch-XDK-Portal-orig/debug/objects/paho/MQTTPacket.o
                0x000177fc                readChar
 .text.writeChar
                0x00017828       0x2c C:/Users/mpe6fe/DevTools/XDK_Workbench/workspace/Bosch-XDK-Portal-orig_V2/Bosch-XDK-Portal-orig/debug/objects/paho/MQTTPacket.o
                0x00017828                writeChar
 .text.writeInt
                0x00017854       0x68 C:/Users/mpe6fe/DevTools/XDK_Workbench/workspace/Bosch-XDK-Portal-orig_V2/Bosch-XDK-Portal-orig/debug/objects/paho/MQTTPacket.o
                0x00017854                writeInt
 .text.writeCString
                0x000178bc       0x40 C:/Users/mpe6fe/DevTools/XDK_Workbench/workspace/Bosch-XDK-Portal-orig_V2/Bosch-XDK-Portal-orig/debug/objects/paho/MQTTPacket.o
                0x000178bc                writeCString
 .text.writeMQTTString
                0x000178fc       0x64 C:/Users/mpe6fe/DevTools/XDK_Workbench/workspace/Bosch-XDK-Portal-orig_V2/Bosch-XDK-Portal-orig/debug/objects/paho/MQTTPacket.o
                0x000178fc                writeMQTTString
 .text.readMQTTLenString
                0x00017960       0x6c C:/Users/mpe6fe/DevTools/XDK_Workbench/workspace/Bosch-XDK-Portal-orig_V2/Bosch-XDK-Portal-orig/debug/objects/paho/MQTTPacket.o
                0x00017960                readMQTTLenString
 .text.MQTTstrlen
                0x000179cc       0x38 C:/Users/mpe6fe/DevTools/XDK_Workbench/workspace/Bosch-XDK-Portal-orig_V2/Bosch-XDK-Portal-orig/debug/objects/paho/MQTTPacket.o
                0x000179cc                MQTTstrlen
 .text.MQTTPacket_equals
                0x00017a04       0x78 C:/Users/mpe6fe/DevTools/XDK_Workbench/workspace/Bosch-XDK-Portal-orig_V2/Bosch-XDK-Portal-orig/debug/objects/paho/MQTTPacket.o
                0x00017a04                MQTTPacket_equals
 .text.MQTTSerialize_publishLength
                0x00017a7c       0x48 C:/Users/mpe6fe/DevTools/XDK_Workbench/workspace/Bosch-XDK-Portal-orig_V2/Bosch-XDK-Portal-orig/debug/objects/paho/MQTTSerializePublish.o
                0x00017a7c                MQTTSerialize_publishLength
 .text.MQTTSerialize_publish
                0x00017ac4      0x100 C:/Users/mpe6fe/DevTools/XDK_Workbench/workspace/Bosch-XDK-Portal-orig_V2/Bosch-XDK-Portal-orig/debug/objects/paho/MQTTSerializePublish.o
                0x00017ac4                MQTTSerialize_publish
 .text.MQTTSerialize_ack
                0x00017bc4       0xac C:/Users/mpe6fe/DevTools/XDK_Workbench/workspace/Bosch-XDK-Portal-orig_V2/Bosch-XDK-Portal-orig/debug/objects/paho/MQTTSerializePublish.o
                0x00017bc4                MQTTSerialize_ack
 .text.MQTTSerialize_subscribeLength
                0x00017c70       0x5c C:/Users/mpe6fe/DevTools/XDK_Workbench/workspace/Bosch-XDK-Portal-orig_V2/Bosch-XDK-Portal-orig/debug/objects/paho/MQTTSubscribeClient.o
                0x00017c70                MQTTSerialize_subscribeLength
 .text.MQTTSerialize_subscribe
                0x00017ccc      0x10c C:/Users/mpe6fe/DevTools/XDK_Workbench/workspace/Bosch-XDK-Portal-orig_V2/Bosch-XDK-Portal-orig/debug/objects/paho/MQTTSubscribeClient.o
                0x00017ccc                MQTTSerialize_subscribe
 .text.MQTTDeserialize_suback
                0x00017dd8       0xdc C:/Users/mpe6fe/DevTools/XDK_Workbench/workspace/Bosch-XDK-Portal-orig_V2/Bosch-XDK-Portal-orig/debug/objects/paho/MQTTSubscribeClient.o
                0x00017dd8                MQTTDeserialize_suback
 .text          0x00017eb4       0x98 C:/Users/mpe6fe/DevTools/XDK_Workbench/workspace/Bosch-XDK-Portal-orig_V2/Bosch-XDK-Portal-orig/debug/objects/startup_efm32gg.o
                0x00017eb4                Reset_Handler
                0x00017ee8                Default_Handler
                0x00017eea                NMI_Handler
                0x00017eec                HardFault_Handler
                0x00017eee                MemManage_Handler
                0x00017ef0                BusFault_Handler
                0x00017ef2                UsageFault_Handler
                0x00017ef6                DebugMon_Handler
                0x00017efa                SysTick_Handler
                0x00017f06                ACMP0_IRQHandler
                0x00017f0a                ADC0_IRQHandler
                0x00017f0c                DAC0_IRQHandler
                0x00017f16                TIMER2_IRQHandler
                0x00017f18                TIMER3_IRQHandler
                0x00017f1e                LESENSE_IRQHandler
                0x00017f30                LETIMER0_IRQHandler
                0x00017f32                PCNT0_IRQHandler
                0x00017f34                PCNT1_IRQHandler
                0x00017f36                PCNT2_IRQHandler
                0x00017f3a                BURTC_IRQHandler
                0x00017f3e                VCMP_IRQHandler
                0x00017f40                LCD_IRQHandler
                0x00017f42                MSC_IRQHandler
                0x00017f44                AES_IRQHandler
                0x00017f46                EBI_IRQHandler
                0x00017f48                EMU_IRQHandler
 .text.sl_NetAppStop
                0x00017f4c       0x58 ./../Libraries/WiFi/TI/../BCDS_Customization/debug/libWifiLib_efm32_debug.a(netapp.o)
                0x00017f4c                sl_NetAppStop
 .text._sl_HandleAsync_DnsGetHostByService
                0x00017fa4      0x114 ./../Libraries/WiFi/TI/../BCDS_Customization/debug/libWifiLib_efm32_debug.a(netapp.o)
                0x00017fa4                _sl_HandleAsync_DnsGetHostByService
 .text.sl_NetAppDnsGetHostByName
                0x000180b8      0x194 ./../Libraries/WiFi/TI/../BCDS_Customization/debug/libWifiLib_efm32_debug.a(netapp.o)
                0x000180b8                sl_NetAppDnsGetHostByName
 .text._sl_HandleAsync_DnsGetHostByName
                0x0001824c      0x108 ./../Libraries/WiFi/TI/../BCDS_Customization/debug/libWifiLib_efm32_debug.a(netapp.o)
                0x0001824c                _sl_HandleAsync_DnsGetHostByName
 .text.CopyPingResultsToReport
                0x00018354       0x44 ./../Libraries/WiFi/TI/../BCDS_Customization/debug/libWifiLib_efm32_debug.a(netapp.o)
 .text._sl_HandleAsync_PingResponse
                0x00018398       0xf4 ./../Libraries/WiFi/TI/../BCDS_Customization/debug/libWifiLib_efm32_debug.a(netapp.o)
                0x00018398                _sl_HandleAsync_PingResponse
 .text._sl_NetAppSendTokenValue
                0x0001848c       0x88 ./../Libraries/WiFi/TI/../BCDS_Customization/debug/libWifiLib_efm32_debug.a(netapp.o)
                0x0001848c                _sl_NetAppSendTokenValue
 .text._SlDrvNetAppEventHandler
                0x00018514      0x148 ./../Libraries/WiFi/TI/../BCDS_Customization/debug/libWifiLib_efm32_debug.a(netapp.o)
                0x00018514                _SlDrvNetAppEventHandler
 .text.sl_NetCfgSet
                0x0001865c       0x94 ./../Libraries/WiFi/TI/../BCDS_Customization/debug/libWifiLib_efm32_debug.a(netcfg.o)
                0x0001865c                sl_NetCfgSet
 .text.sl_NetCfgGet
                0x000186f0       0xd8 ./../Libraries/WiFi/TI/../BCDS_Customization/debug/libWifiLib_efm32_debug.a(netcfg.o)
                0x000186f0                sl_NetCfgGet
 .text._sl_BuildAddress
                0x000187c8       0x60 ./../Libraries/WiFi/TI/../BCDS_Customization/debug/libWifiLib_efm32_debug.a(socket.o)
 .text._sl_TruncatePayloadByProtocol
                0x00018828       0x44 ./../Libraries/WiFi/TI/../BCDS_Customization/debug/libWifiLib_efm32_debug.a(socket.o)
 .text.sl_Socket
                0x0001886c       0x7c ./../Libraries/WiFi/TI/../BCDS_Customization/debug/libWifiLib_efm32_debug.a(socket.o)
                0x0001886c                sl_Socket
 .text.sl_Close
                0x000188e8       0x5c ./../Libraries/WiFi/TI/../BCDS_Customization/debug/libWifiLib_efm32_debug.a(socket.o)
                0x000188e8                sl_Close
 .text.sl_Connect
                0x00018944      0x1b0 ./../Libraries/WiFi/TI/../BCDS_Customization/debug/libWifiLib_efm32_debug.a(socket.o)
                0x00018944                sl_Connect
 .text._sl_HandleAsync_Connect
                0x00018af4       0xd4 ./../Libraries/WiFi/TI/../BCDS_Customization/debug/libWifiLib_efm32_debug.a(socket.o)
                0x00018af4                _sl_HandleAsync_Connect
 .text.sl_Send  0x00018bc8      0x124 ./../Libraries/WiFi/TI/../BCDS_Customization/debug/libWifiLib_efm32_debug.a(socket.o)
                0x00018bc8                sl_Send
 .text.sl_Htonl
                0x00018cec       0x58 ./../Libraries/WiFi/TI/../BCDS_Customization/debug/libWifiLib_efm32_debug.a(socket.o)
                0x00018cec                sl_Htonl
 .text.sl_Htons
                0x00018d44       0x48 ./../Libraries/WiFi/TI/../BCDS_Customization/debug/libWifiLib_efm32_debug.a(socket.o)
                0x00018d44                sl_Htons
 .text._sl_HandleAsync_Accept
                0x00018d8c       0xa8 ./../Libraries/WiFi/TI/../BCDS_Customization/debug/libWifiLib_efm32_debug.a(socket.o)
                0x00018d8c                _sl_HandleAsync_Accept
 .text._sl_HandleAsync_Select
                0x00018e34       0x94 ./../Libraries/WiFi/TI/../BCDS_Customization/debug/libWifiLib_efm32_debug.a(socket.o)
                0x00018e34                _sl_HandleAsync_Select
 .text.sl_Recv  0x00018ec8       0x90 ./../Libraries/WiFi/TI/../BCDS_Customization/debug/libWifiLib_efm32_debug.a(socket.o)
                0x00018ec8                sl_Recv
 .text.sl_Select
                0x00018f58      0x188 ./../Libraries/WiFi/TI/../BCDS_Customization/debug/libWifiLib_efm32_debug.a(socket.o)
                0x00018f58                sl_Select
 .text.SL_FD_SET
                0x000190e0       0x30 ./../Libraries/WiFi/TI/../BCDS_Customization/debug/libWifiLib_efm32_debug.a(socket.o)
                0x000190e0                SL_FD_SET
 .text.SL_FD_ZERO
                0x00019110       0x1c ./../Libraries/WiFi/TI/../BCDS_Customization/debug/libWifiLib_efm32_debug.a(socket.o)
                0x00019110                SL_FD_ZERO
 .text._SlDrvProtectAsyncRespSetting
                0x0001912c       0x5c ./../Libraries/WiFi/TI/../BCDS_Customization/debug/libWifiLib_efm32_debug.a(driver.o)
                0x0001912c                _SlDrvProtectAsyncRespSetting
 .text._SlDrvDriverCBInit
                0x00019188      0x25c ./../Libraries/WiFi/TI/../BCDS_Customization/debug/libWifiLib_efm32_debug.a(driver.o)
                0x00019188                _SlDrvDriverCBInit
 .text._SlDrvDriverCBDeinit
                0x000193e4      0x190 ./../Libraries/WiFi/TI/../BCDS_Customization/debug/libWifiLib_efm32_debug.a(driver.o)
                0x000193e4                _SlDrvDriverCBDeinit
 .text._SlDrvRxIrqHandler
                0x00019574       0x84 ./../Libraries/WiFi/TI/../BCDS_Customization/debug/libWifiLib_efm32_debug.a(driver.o)
                0x00019574                _SlDrvRxIrqHandler
 .text._SlDrvCmdOp
                0x000195f8       0xe4 ./../Libraries/WiFi/TI/../BCDS_Customization/debug/libWifiLib_efm32_debug.a(driver.o)
                0x000195f8                _SlDrvCmdOp
 .text._SlDrvDataReadOp
                0x000196dc      0x270 ./../Libraries/WiFi/TI/../BCDS_Customization/debug/libWifiLib_efm32_debug.a(driver.o)
                0x000196dc                _SlDrvDataReadOp
 .text._SlDrvDataWriteOp
                0x0001994c      0x1c8 ./../Libraries/WiFi/TI/../BCDS_Customization/debug/libWifiLib_efm32_debug.a(driver.o)
                0x0001994c                _SlDrvDataWriteOp
 .text._SlDrvMsgWrite
                0x00019b14      0x248 ./../Libraries/WiFi/TI/../BCDS_Customization/debug/libWifiLib_efm32_debug.a(driver.o)
 .text._SlDrvMsgRead
                0x00019d5c      0x7a4 ./../Libraries/WiFi/TI/../BCDS_Customization/debug/libWifiLib_efm32_debug.a(driver.o)
 .text._SlAsyncEventGenericHandler
                0x0001a500      0x120 ./../Libraries/WiFi/TI/../BCDS_Customization/debug/libWifiLib_efm32_debug.a(driver.o)
 .text._SlDrvMsgReadCmdCtx
                0x0001a620      0x19c ./../Libraries/WiFi/TI/../BCDS_Customization/debug/libWifiLib_efm32_debug.a(driver.o)
 .text._SlDrvMsgReadSpawnCtx
                0x0001a7bc      0x10c ./../Libraries/WiFi/TI/../BCDS_Customization/debug/libWifiLib_efm32_debug.a(driver.o)
                0x0001a7bc                _SlDrvMsgReadSpawnCtx
 .text._SlDrvClassifyRxMsg
                0x0001a8c8       0xf0 ./../Libraries/WiFi/TI/../BCDS_Customization/debug/libWifiLib_efm32_debug.a(driver.o)
 .text._SlDrvRxHdrRead
                0x0001a9b8      0x2d4 ./../Libraries/WiFi/TI/../BCDS_Customization/debug/libWifiLib_efm32_debug.a(driver.o)
 .text._SlDrvCmdSend
                0x0001ac8c       0x9c ./../Libraries/WiFi/TI/../BCDS_Customization/debug/libWifiLib_efm32_debug.a(driver.o)
                0x0001ac8c                _SlDrvCmdSend
 .text._SlDrvWaitForPoolObj
                0x0001ad28      0x254 ./../Libraries/WiFi/TI/../BCDS_Customization/debug/libWifiLib_efm32_debug.a(driver.o)
                0x0001ad28                _SlDrvWaitForPoolObj
 .text._SlDrvReleasePoolObj
                0x0001af7c      0x2fc ./../Libraries/WiFi/TI/../BCDS_Customization/debug/libWifiLib_efm32_debug.a(driver.o)
                0x0001af7c                _SlDrvReleasePoolObj
 .text._SlRemoveFromList
                0x0001b278      0x114 ./../Libraries/WiFi/TI/../BCDS_Customization/debug/libWifiLib_efm32_debug.a(driver.o)
 .text._SlFindAndSetActiveObj
                0x0001b38c      0x1f4 ./../Libraries/WiFi/TI/../BCDS_Customization/debug/libWifiLib_efm32_debug.a(driver.o)
 .text._SlDrvDispatchHttpServerEvents
                0x0001b580       0x1c ./../Libraries/WiFi/TI/../BCDS_Customization/debug/libWifiLib_efm32_debug.a(driver.o)
                0x0001b580                _SlDrvDispatchHttpServerEvents
 .text._SlDrvSyncObjSignal
                0x0001b59c       0x30 ./../Libraries/WiFi/TI/../BCDS_Customization/debug/libWifiLib_efm32_debug.a(driver.o)
                0x0001b59c                _SlDrvSyncObjSignal
 .text._SlDrvObjLockWaitForever
                0x0001b5cc       0x34 ./../Libraries/WiFi/TI/../BCDS_Customization/debug/libWifiLib_efm32_debug.a(driver.o)
                0x0001b5cc                _SlDrvObjLockWaitForever
 .text._SlDrvProtectionObjLockWaitForever
                0x0001b600       0x40 ./../Libraries/WiFi/TI/../BCDS_Customization/debug/libWifiLib_efm32_debug.a(driver.o)
                0x0001b600                _SlDrvProtectionObjLockWaitForever
 .text._SlDrvObjUnLock
                0x0001b640       0x30 ./../Libraries/WiFi/TI/../BCDS_Customization/debug/libWifiLib_efm32_debug.a(driver.o)
                0x0001b640                _SlDrvObjUnLock
 .text._SlDrvProtectionObjUnLock
                0x0001b670       0x3c ./../Libraries/WiFi/TI/../BCDS_Customization/debug/libWifiLib_efm32_debug.a(driver.o)
                0x0001b670                _SlDrvProtectionObjUnLock
 .text._SlDrvObjGlobalLockWaitForever
                0x0001b6ac       0x3c ./../Libraries/WiFi/TI/../BCDS_Customization/debug/libWifiLib_efm32_debug.a(driver.o)
 .text._SlDrvGlobalObjUnLock
                0x0001b6e8       0x3c ./../Libraries/WiFi/TI/../BCDS_Customization/debug/libWifiLib_efm32_debug.a(driver.o)
                0x0001b6e8                _SlDrvGlobalObjUnLock
 .text._SlDrvMemZero
                0x0001b724       0x24 ./../Libraries/WiFi/TI/../BCDS_Customization/debug/libWifiLib_efm32_debug.a(driver.o)
                0x0001b724                _SlDrvMemZero
 .text._SlDrvResetCmdExt
                0x0001b748       0x1c ./../Libraries/WiFi/TI/../BCDS_Customization/debug/libWifiLib_efm32_debug.a(driver.o)
                0x0001b748                _SlDrvResetCmdExt
 .text._SlDrvSyncObjWaitForever
                0x0001b764       0x38 ./../Libraries/WiFi/TI/../BCDS_Customization/debug/libWifiLib_efm32_debug.a(driver.o)
                0x0001b764                _SlDrvSyncObjWaitForever
 .text._SlDrvSyncObjWaitTimeout
                0x0001b79c       0x58 ./../Libraries/WiFi/TI/../BCDS_Customization/debug/libWifiLib_efm32_debug.a(driver.o)
                0x0001b79c                _SlDrvSyncObjWaitTimeout
 .text._SlDriverHandleError
                0x0001b7f4       0xb4 ./../Libraries/WiFi/TI/../BCDS_Customization/debug/libWifiLib_efm32_debug.a(driver.o)
                0x0001b7f4                _SlDriverHandleError
 .text._sl_GetStartResponseConvert
                0x0001b8a8       0x28 ./../Libraries/WiFi/TI/../BCDS_Customization/debug/libWifiLib_efm32_debug.a(device.o)
 .text.sl_Start
                0x0001b8d0      0x130 ./../Libraries/WiFi/TI/../BCDS_Customization/debug/libWifiLib_efm32_debug.a(device.o)
                0x0001b8d0                sl_Start
 .text._sl_HandleAsync_InitComplete
                0x0001ba00       0xe8 ./../Libraries/WiFi/TI/../BCDS_Customization/debug/libWifiLib_efm32_debug.a(device.o)
                0x0001ba00                _sl_HandleAsync_InitComplete
 .text._sl_HandleAsync_Stop
                0x0001bae8       0x90 ./../Libraries/WiFi/TI/../BCDS_Customization/debug/libWifiLib_efm32_debug.a(device.o)
                0x0001bae8                _sl_HandleAsync_Stop
 .text.sl_Stop  0x0001bb78      0x110 ./../Libraries/WiFi/TI/../BCDS_Customization/debug/libWifiLib_efm32_debug.a(device.o)
                0x0001bb78                sl_Stop
 .text._SlDrvDeviceEventHandler
                0x0001bc88       0xb8 ./../Libraries/WiFi/TI/../BCDS_Customization/debug/libWifiLib_efm32_debug.a(device.o)
                0x0001bc88                _SlDrvDeviceEventHandler
 .text.NetworkConfig_SlNetAppEvtHdlr
                0x0001bd40       0xa0 ./../Platform/Wlan/debug/libWlan_efm32_debug.a(NetworkConfig.o)
                0x0001bd40                NetworkConfig_SlNetAppEvtHdlr
 .text.NetworkConfig_GetIpStatus
                0x0001bde0       0x18 ./../Platform/Wlan/debug/libWlan_efm32_debug.a(NetworkConfig.o)
                0x0001bde0                NetworkConfig_GetIpStatus
 .text.NetworkConfig_SetIpStatus
                0x0001bdf8       0x20 ./../Platform/Wlan/debug/libWlan_efm32_debug.a(NetworkConfig.o)
                0x0001bdf8                NetworkConfig_SetIpStatus
 .text.NetworkConfig_GetIpSettings
                0x0001be18       0xc0 ./../Platform/Wlan/debug/libWlan_efm32_debug.a(NetworkConfig.o)
                0x0001be18                NetworkConfig_GetIpSettings
 .text.NetworkConfig_SetIpDhcp
                0x0001bed8       0xb4 ./../Platform/Wlan/debug/libWlan_efm32_debug.a(NetworkConfig.o)
                0x0001bed8                NetworkConfig_SetIpDhcp
 .text.connectNonBlockingCall
                0x0001bf8c      0x18c ./../Platform/Wlan/debug/libWlan_efm32_debug.a(WlanConnect.o)
 .text.connectBlockingCall
                0x0001c118       0xd0 ./../Platform/Wlan/debug/libWlan_efm32_debug.a(WlanConnect.o)
 .text.WlanConnect_SlGeneralEventHdlr
                0x0001c1e8       0x9c ./../Platform/Wlan/debug/libWlan_efm32_debug.a(WlanConnect.o)
                0x0001c1e8                WlanConnect_SlGeneralEventHdlr
 .text.WlanConnect_SLWlanEventHdlr
                0x0001c284       0x6c ./../Platform/Wlan/debug/libWlan_efm32_debug.a(WlanConnect.o)
                0x0001c284                WlanConnect_SLWlanEventHdlr
 .text.WlanConnect_GetInitStatus
                0x0001c2f0       0x18 ./../Platform/Wlan/debug/libWlan_efm32_debug.a(WlanConnect.o)
                0x0001c2f0                WlanConnect_GetInitStatus
 .text.WlanConnect_Init
                0x0001c308       0xf4 ./../Platform/Wlan/debug/libWlan_efm32_debug.a(WlanConnect.o)
                0x0001c308                WlanConnect_Init
 .text.NonBlockingTimer
                0x0001c3fc       0xb0 ./../Platform/Wlan/debug/libWlan_efm32_debug.a(WlanConnect.o)
                0x0001c3fc                NonBlockingTimer
 .text.WlanConnect_WPA
                0x0001c4ac       0xe0 ./../Platform/Wlan/debug/libWlan_efm32_debug.a(WlanConnect.o)
                0x0001c4ac                WlanConnect_WPA
 .text.BITBAND_Peripheral
                0x0001c58c       0x30 ./../Platform/Wlan/debug/libWlan_efm32_debug.a(WlanDriver.o)
 .text.GPIO_IntClear
                0x0001c5bc       0x20 ./../Platform/Wlan/debug/libWlan_efm32_debug.a(WlanDriver.o)
 .text.GPIO_PinOutClear
                0x0001c5dc       0x4c ./../Platform/Wlan/debug/libWlan_efm32_debug.a(WlanDriver.o)
 .text.GPIO_PinOutSet
                0x0001c628       0x4c ./../Platform/Wlan/debug/libWlan_efm32_debug.a(WlanDriver.o)
 .text.OsTime2Tick
                0x0001c674       0x44 ./../Platform/Wlan/debug/libWlan_efm32_debug.a(WlanDriver.o)
 .text.DelayAPI
                0x0001c6b8       0x48 ./../Platform/Wlan/debug/libWlan_efm32_debug.a(WlanDriver.o)
 .text.CreateSpawnQAndTask
                0x0001c700       0x98 ./../Platform/Wlan/debug/libWlan_efm32_debug.a(WlanDriver.o)
 .text.WifiInterruptCallback
                0x0001c798       0x24 ./../Platform/Wlan/debug/libWlan_efm32_debug.a(WlanDriver.o)
 .text.WlanDriver_Init
                0x0001c7bc       0xc8 ./../Platform/Wlan/debug/libWlan_efm32_debug.a(WlanDriver.o)
                0x0001c7bc                WlanDriver_Init
 .text.WlanDriver_RegInterruptHdlr
                0x0001c884       0x34 ./../Platform/Wlan/debug/libWlan_efm32_debug.a(WlanDriver.o)
                0x0001c884                WlanDriver_RegInterruptHdlr
 .text.WlanDriver_DeviceDisable
                0x0001c8b8       0x14 ./../Platform/Wlan/debug/libWlan_efm32_debug.a(WlanDriver.o)
                0x0001c8b8                WlanDriver_DeviceDisable
 .text.WlanDriver_DeviceEnable
                0x0001c8cc       0x14 ./../Platform/Wlan/debug/libWlan_efm32_debug.a(WlanDriver.o)
                0x0001c8cc                WlanDriver_DeviceEnable
 .text.WlanDriver_InterruptEnable
                0x0001c8e0       0x1c ./../Platform/Wlan/debug/libWlan_efm32_debug.a(WlanDriver.o)
                0x0001c8e0                WlanDriver_InterruptEnable
 .text.WlanDriver_InterruptDisable
                0x0001c8fc       0x1c ./../Platform/Wlan/debug/libWlan_efm32_debug.a(WlanDriver.o)
                0x0001c8fc                WlanDriver_InterruptDisable
 .text.WlanDriver_SlHttpServerCb
                0x0001c918       0x14 ./../Platform/Wlan/debug/libWlan_efm32_debug.a(WlanDriver.o)
                0x0001c918                WlanDriver_SlHttpServerCb
 .text.WlanDriver_SpiClose
                0x0001c92c       0x3c ./../Platform/Wlan/debug/libWlan_efm32_debug.a(WlanDriver.o)
                0x0001c92c                WlanDriver_SpiClose
 .text.WlanDriver_SpiOpen
                0x0001c968       0xe0 ./../Platform/Wlan/debug/libWlan_efm32_debug.a(WlanDriver.o)
                0x0001c968                WlanDriver_SpiOpen
 .text.WlanDriver_SpiWrite
                0x0001ca48       0x60 ./../Platform/Wlan/debug/libWlan_efm32_debug.a(WlanDriver.o)
                0x0001ca48                WlanDriver_SpiWrite
 .text.WlanDriver_SpiRead
                0x0001caa8       0x58 ./../Platform/Wlan/debug/libWlan_efm32_debug.a(WlanDriver.o)
                0x0001caa8                WlanDriver_SpiRead
 .text.WlanDriver_OsSyncObjectCreate
                0x0001cb00       0x3c ./../Platform/Wlan/debug/libWlan_efm32_debug.a(WlanDriver.o)
                0x0001cb00                WlanDriver_OsSyncObjectCreate
 .text.WlanDriver_OsSyncObjectDelete
                0x0001cb3c       0x30 ./../Platform/Wlan/debug/libWlan_efm32_debug.a(WlanDriver.o)
                0x0001cb3c                WlanDriver_OsSyncObjectDelete
 .text.WlanDriver_OsSyncObjectSignal
                0x0001cb6c       0x3c ./../Platform/Wlan/debug/libWlan_efm32_debug.a(WlanDriver.o)
                0x0001cb6c                WlanDriver_OsSyncObjectSignal
 .text.WlanDriver_OsSyncSignalFromISR
                0x0001cba8       0x5c ./../Platform/Wlan/debug/libWlan_efm32_debug.a(WlanDriver.o)
                0x0001cba8                WlanDriver_OsSyncSignalFromISR
 .text.WlanDriver_OsSyncObjectWait
                0x0001cc04       0x4c ./../Platform/Wlan/debug/libWlan_efm32_debug.a(WlanDriver.o)
                0x0001cc04                WlanDriver_OsSyncObjectWait
 .text.WlanDriver_OsLockObjectCreate
                0x0001cc50       0x34 ./../Platform/Wlan/debug/libWlan_efm32_debug.a(WlanDriver.o)
                0x0001cc50                WlanDriver_OsLockObjectCreate
 .text.WlanDriver_OsLockObjectDelete
                0x0001cc84       0x2c ./../Platform/Wlan/debug/libWlan_efm32_debug.a(WlanDriver.o)
                0x0001cc84                WlanDriver_OsLockObjectDelete
 .text.WlanDriver_OsLockObjectWait
                0x0001ccb0       0x40 ./../Platform/Wlan/debug/libWlan_efm32_debug.a(WlanDriver.o)
                0x0001ccb0                WlanDriver_OsLockObjectWait
 .text.WlanDriver_OsLockUnlock
                0x0001ccf0       0x44 ./../Platform/Wlan/debug/libWlan_efm32_debug.a(WlanDriver.o)
                0x0001ccf0                WlanDriver_OsLockUnlock
 .text.WlanDriver_SimpleLinkSpawnTask
                0x0001cd34       0x68 ./../Platform/Wlan/debug/libWlan_efm32_debug.a(WlanDriver.o)
                0x0001cd34                WlanDriver_SimpleLinkSpawnTask
 .text.WlanDriver_OsiSpawn
                0x0001cd9c       0xa4 ./../Platform/Wlan/debug/libWlan_efm32_debug.a(WlanDriver.o)
                0x0001cd9c                WlanDriver_OsiSpawn
 .text.Ip_convertAddrToString
                0x0001ce40       0x4c ./../Platform/ServalPAL_WiFi/release/libServalPalWifi_efm32.a(PAL_ip_cc.o)
                0x0001ce40                Ip_convertAddrToString
 .text.Ip_getMyIpAddr
                0x0001ce8c       0x2c ./../Platform/ServalPAL_WiFi/release/libServalPalWifi_efm32.a(PAL_ip_cc.o)
                0x0001ce8c                Ip_getMyIpAddr
 .text.Basics_htonl
                0x0001ceb8       0x1c ./../Platform/ServalPAL_WiFi/release/libServalPalWifi_efm32.a(PAL_ip_cc.o)
                0x0001ceb8                Basics_htonl
 .text.SystemCoreClockUpdate
                0x0001ced4        0xc ./../Platform/MiscDrivers/debug/libMiscDrivers_efm32_debug.a(SDCardDriver.o)
 .text.GPIO_PinInGet
                0x0001cee0       0x4c ./../Platform/MiscDrivers/debug/libMiscDrivers_efm32_debug.a(SDCardDriver.o)
 .text.GPIO_PinOutClear
                0x0001cf2c       0x4c ./../Platform/MiscDrivers/debug/libMiscDrivers_efm32_debug.a(SDCardDriver.o)
 .text.GPIO_PinOutSet
                0x0001cf78       0x4c ./../Platform/MiscDrivers/debug/libMiscDrivers_efm32_debug.a(SDCardDriver.o)
 .text.SDCardInterruptHandler
                0x0001cfc4       0x6c ./../Platform/MiscDrivers/debug/libMiscDrivers_efm32_debug.a(SDCardDriver.o)
 .text.SDCardDetectCallBack
                0x0001d030       0x50 ./../Platform/MiscDrivers/debug/libMiscDrivers_efm32_debug.a(SDCardDriver.o)
 .text.SDCardPinSetting
                0x0001d080      0x14c ./../Platform/MiscDrivers/debug/libMiscDrivers_efm32_debug.a(SDCardDriver.o)
 .text.SDCardEnableClocks
                0x0001d1cc       0x58 ./../Platform/MiscDrivers/debug/libMiscDrivers_efm32_debug.a(SDCardDriver.o)
 .text.SDCardDetectRegInterrupt
                0x0001d224       0x30 ./../Platform/MiscDrivers/debug/libMiscDrivers_efm32_debug.a(SDCardDriver.o)
 .text.SDCardSpiInitialize
                0x0001d254       0x84 ./../Platform/MiscDrivers/debug/libMiscDrivers_efm32_debug.a(SDCardDriver.o)
 .text.SDCardWaitReady
                0x0001d2d8       0x64 ./../Platform/MiscDrivers/debug/libMiscDrivers_efm32_debug.a(SDCardDriver.o)
 .text.SDCardSendCmd
                0x0001d33c      0x190 ./../Platform/MiscDrivers/debug/libMiscDrivers_efm32_debug.a(SDCardDriver.o)
 .text.SDCardBlockSend
                0x0001d4cc      0x18c ./../Platform/MiscDrivers/debug/libMiscDrivers_efm32_debug.a(SDCardDriver.o)
 .text.SDCardBlockReceive
                0x0001d658      0x10c ./../Platform/MiscDrivers/debug/libMiscDrivers_efm32_debug.a(SDCardDriver.o)
 .text.SdcardTypeDetect
                0x0001d764      0x1c4 ./../Platform/MiscDrivers/debug/libMiscDrivers_efm32_debug.a(SDCardDriver.o)
 .text.SDCardDriver_Init
                0x0001d928       0xa4 ./../Platform/MiscDrivers/debug/libMiscDrivers_efm32_debug.a(SDCardDriver.o)
                0x0001d928                SDCardDriver_Init
 .text.SDCardDriver_GetDetectStatus
                0x0001d9cc       0x18 ./../Platform/MiscDrivers/debug/libMiscDrivers_efm32_debug.a(SDCardDriver.o)
                0x0001d9cc                SDCardDriver_GetDetectStatus
 .text.SDCardDriver_Disconnect
                0x0001d9e4       0x14 ./../Platform/MiscDrivers/debug/libMiscDrivers_efm32_debug.a(SDCardDriver.o)
                0x0001d9e4                SDCardDriver_Disconnect
 .text.SDCardDriver_Connect
                0x0001d9f8       0x54 ./../Platform/MiscDrivers/debug/libMiscDrivers_efm32_debug.a(SDCardDriver.o)
                0x0001d9f8                SDCardDriver_Connect
 .text.SDCardDriver_DiskInitialize
                0x0001da4c       0xf4 ./../Platform/MiscDrivers/debug/libMiscDrivers_efm32_debug.a(SDCardDriver.o)
                0x0001da4c                SDCardDriver_DiskInitialize
 .text.SDCardDriver_DiskRead
                0x0001db40      0x178 ./../Platform/MiscDrivers/debug/libMiscDrivers_efm32_debug.a(SDCardDriver.o)
                0x0001db40                SDCardDriver_DiskRead
 .text.SDCardDriver_DiskWrite
                0x0001dcb8      0x1d4 ./../Platform/MiscDrivers/debug/libMiscDrivers_efm32_debug.a(SDCardDriver.o)
                0x0001dcb8                SDCardDriver_DiskWrite
 .text.get_fattime
                0x0001de8c       0x14 ./../Platform/MiscDrivers/debug/libMiscDrivers_efm32_debug.a(SDCardDriver.o)
                0x0001de8c                get_fattime
 .text.SDCardDriver_GetDiskStatus
                0x0001dea0       0x38 ./../Platform/MiscDrivers/debug/libMiscDrivers_efm32_debug.a(SDCardDriver.o)
                0x0001dea0                SDCardDriver_GetDiskStatus
 .text.SDCardDriver_DiskIoctl
                0x0001ded8      0x38c ./../Platform/MiscDrivers/debug/libMiscDrivers_efm32_debug.a(SDCardDriver.o)
                0x0001ded8                SDCardDriver_DiskIoctl
 .text.Retcode_getPackage
                0x0001e264       0x1c ./../Platform/Sensors/debug/libSensors_efm32_debug.a(Environmental.o)
 .text.bme280LibErrorMapping
                0x0001e280       0x48 ./../Platform/Sensors/debug/libSensors_efm32_debug.a(Environmental.o)
 .text.Environmental_init
                0x0001e2c8       0xa4 ./../Platform/Sensors/debug/libSensors_efm32_debug.a(Environmental.o)
                0x0001e2c8                Environmental_init
 .text.Environmental_readData
                0x0001e36c       0xe0 ./../Platform/Sensors/debug/libSensors_efm32_debug.a(Environmental.o)
                0x0001e36c                Environmental_readData
 .text.Retcode_getPackage
                0x0001e44c       0x1c ./../Platform/Sensors/debug/libSensors_efm32_debug.a(Gyroscope.o)
 .text.bmg160LibErrorMapping
                0x0001e468       0x48 ./../Platform/Sensors/debug/libSensors_efm32_debug.a(Gyroscope.o)
 .text.BMI160_libErrorMapping
                0x0001e4b0       0x48 ./../Platform/Sensors/debug/libSensors_efm32_debug.a(Gyroscope.o)
 .text.Gyroscope_init
                0x0001e4f8       0xd0 ./../Platform/Sensors/debug/libSensors_efm32_debug.a(Gyroscope.o)
                0x0001e4f8                Gyroscope_init
 .text.Gyroscope_readXyzDegreeValue
                0x0001e5c8      0x4dc ./../Platform/Sensors/debug/libSensors_efm32_debug.a(Gyroscope.o)
                0x0001e5c8                Gyroscope_readXyzDegreeValue
 .text.Retcode_getPackage
                0x0001eaa4       0x1c ./../Platform/Sensors/debug/libSensors_efm32_debug.a(Accelerometer.o)
 .text.bma2x2LibErrorMapping
                0x0001eac0       0x48 ./../Platform/Sensors/debug/libSensors_efm32_debug.a(Accelerometer.o)
 .text.bmi160LibErrorMapping
                0x0001eb08       0x48 ./../Platform/Sensors/debug/libSensors_efm32_debug.a(Accelerometer.o)
 .text.Accelerometer_init
                0x0001eb50       0xd0 ./../Platform/Sensors/debug/libSensors_efm32_debug.a(Accelerometer.o)
                0x0001eb50                Accelerometer_init
 .text.Accelerometer_readXyzGValue
                0x0001ec20      0x3a8 ./../Platform/Sensors/debug/libSensors_efm32_debug.a(Accelerometer.o)
                0x0001ec20                Accelerometer_readXyzGValue
 .text.Retcode_getPackage
                0x0001efc8       0x1c ./../Platform/Sensors/debug/libSensors_efm32_debug.a(LightSensor.o)
 .text.LightSensor_init
                0x0001efe4       0xa4 ./../Platform/Sensors/debug/libSensors_efm32_debug.a(LightSensor.o)
                0x0001efe4                LightSensor_init
 .text.LightSensor_setManualMode
                0x0001f088       0xbc ./../Platform/Sensors/debug/libSensors_efm32_debug.a(LightSensor.o)
                0x0001f088                LightSensor_setManualMode
 .text.LightSensor_readLuxData
                0x0001f144       0xb8 ./../Platform/Sensors/debug/libSensors_efm32_debug.a(LightSensor.o)
                0x0001f144                LightSensor_readLuxData
 .text.Retcode_getPackage
                0x0001f1fc       0x1c ./../Platform/Sensors/debug/libSensors_efm32_debug.a(Magnetometer.o)
 .text.bmm150LibErrorMapping
                0x0001f218       0x48 ./../Platform/Sensors/debug/libSensors_efm32_debug.a(Magnetometer.o)
 .text.readMagData
                0x0001f260       0x80 ./../Platform/Sensors/debug/libSensors_efm32_debug.a(Magnetometer.o)
 .text.Magnetometer_init
                0x0001f2e0       0xa4 ./../Platform/Sensors/debug/libSensors_efm32_debug.a(Magnetometer.o)
                0x0001f2e0                Magnetometer_init
 .text.Magnetometer_setPowerMode
                0x0001f384       0xd8 ./../Platform/Sensors/debug/libSensors_efm32_debug.a(Magnetometer.o)
                0x0001f384                Magnetometer_setPowerMode
 .text.Magnetometer_readXyzTeslaData
                0x0001f45c      0x124 ./../Platform/Sensors/debug/libSensors_efm32_debug.a(Magnetometer.o)
                0x0001f45c                Magnetometer_readXyzTeslaData
 .text.Retcode_getPackage
                0x0001f580       0x1c ./../Platform/SensorUtils/debug/libSensorUtils_efm32_debug.a(Bma280Utils.o)
 .text.GPIO_PinOutSet
                0x0001f59c       0x4c ./../Platform/SensorUtils/debug/libSensorUtils_efm32_debug.a(Bma280Utils.o)
 .text.libErrorMapping
                0x0001f5e8       0x48 ./../Platform/SensorUtils/debug/libSensorUtils_efm32_debug.a(Bma280Utils.o)
 .text.Bma280Utils_initialize
                0x0001f630      0x27c ./../Platform/SensorUtils/debug/libSensorUtils_efm32_debug.a(Bma280Utils.o)
                0x0001f630                Bma280Utils_initialize
 .text.Bma280Utils_remapAxis
                0x0001f8ac       0xb0 ./../Platform/SensorUtils/debug/libSensorUtils_efm32_debug.a(Bma280Utils.o)
                0x0001f8ac                Bma280Utils_remapAxis
 .text.AxisRemap_remapSensorData
                0x0001f95c      0x184 ./../Platform/SensorUtils/debug/libSensorUtils_efm32_debug.a(AxisRemap.o)
                0x0001f95c                AxisRemap_remapSensorData
 .text.Retcode_getPackage
                0x0001fae0       0x1c ./../Platform/SensorUtils/debug/libSensorUtils_efm32_debug.a(Bmi160Utils.o)
 .text.GPIO_PinOutSet
                0x0001fafc       0x4c ./../Platform/SensorUtils/debug/libSensorUtils_efm32_debug.a(Bmi160Utils.o)
 .text.libErrorMapping
                0x0001fb48       0x48 ./../Platform/SensorUtils/debug/libSensorUtils_efm32_debug.a(Bmi160Utils.o)
 .text.Bmi160Utils_initialize
                0x0001fb90      0x294 ./../Platform/SensorUtils/debug/libSensorUtils_efm32_debug.a(Bmi160Utils.o)
                0x0001fb90                Bmi160Utils_initialize
 .text.Bmi160Utils_remapAxis
                0x0001fe24       0xb0 ./../Platform/SensorUtils/debug/libSensorUtils_efm32_debug.a(Bmi160Utils.o)
                0x0001fe24                Bmi160Utils_remapAxis
 .text.Retcode_getPackage
                0x0001fed4       0x1c ./../Platform/SensorUtils/debug/libSensorUtils_efm32_debug.a(Bmg160Utils.o)
 .text.GPIO_PinOutSet
                0x0001fef0       0x4c ./../Platform/SensorUtils/debug/libSensorUtils_efm32_debug.a(Bmg160Utils.o)
 .text.libErrorMapping
                0x0001ff3c       0x48 ./../Platform/SensorUtils/debug/libSensorUtils_efm32_debug.a(Bmg160Utils.o)
 .text.Bmg160Utils_initialize
                0x0001ff84      0x25c ./../Platform/SensorUtils/debug/libSensorUtils_efm32_debug.a(Bmg160Utils.o)
                0x0001ff84                Bmg160Utils_initialize
 .text.Bmg160Utils_remapAxis
                0x000201e0       0xb0 ./../Platform/SensorUtils/debug/libSensorUtils_efm32_debug.a(Bmg160Utils.o)
                0x000201e0                Bmg160Utils_remapAxis
 .text.Retcode_getPackage
                0x00020290       0x1c ./../Platform/SensorUtils/debug/libSensorUtils_efm32_debug.a(Bme280Utils.o)
 .text.GPIO_PinOutSet
                0x000202ac       0x4c ./../Platform/SensorUtils/debug/libSensorUtils_efm32_debug.a(Bme280Utils.o)
 .text.libErrorMapping
                0x000202f8       0x48 ./../Platform/SensorUtils/debug/libSensorUtils_efm32_debug.a(Bme280Utils.o)
 .text.Bme280Utils_initialize
                0x00020340      0x20c ./../Platform/SensorUtils/debug/libSensorUtils_efm32_debug.a(Bme280Utils.o)
                0x00020340                Bme280Utils_initialize
 .text.Retcode_getPackage
                0x0002054c       0x1c ./../Platform/SensorUtils/debug/libSensorUtils_efm32_debug.a(Bmm150Utils.o)
 .text.GPIO_PinOutSet
                0x00020568       0x4c ./../Platform/SensorUtils/debug/libSensorUtils_efm32_debug.a(Bmm150Utils.o)
 .text.libErrorMapping
                0x000205b4       0x48 ./../Platform/SensorUtils/debug/libSensorUtils_efm32_debug.a(Bmm150Utils.o)
 .text.Bmm150Utils_initialize
                0x000205fc      0x1bc ./../Platform/SensorUtils/debug/libSensorUtils_efm32_debug.a(Bmm150Utils.o)
                0x000205fc                Bmm150Utils_initialize
 .text.Bmm150Utils_remapAxis
                0x000207b8       0xb0 ./../Platform/SensorUtils/debug/libSensorUtils_efm32_debug.a(Bmm150Utils.o)
                0x000207b8                Bmm150Utils_remapAxis
 .text.Retcode_getPackage
                0x00020868       0x1c ./../Platform/SensorUtils/debug/libSensorUtils_efm32_debug.a(Max44009Utils.o)
 .text.GPIO_PinOutSet
                0x00020884       0x4c ./../Platform/SensorUtils/debug/libSensorUtils_efm32_debug.a(Max44009Utils.o)
 .text.libErrorMapping
                0x000208d0       0x40 ./../Platform/SensorUtils/debug/libSensorUtils_efm32_debug.a(Max44009Utils.o)
 .text.Max44009Utils_initialize
                0x00020910      0x238 ./../Platform/SensorUtils/debug/libSensorUtils_efm32_debug.a(Max44009Utils.o)
                0x00020910                Max44009Utils_initialize
 .text.xQueueGenericReset
                0x00020b48       0xc8 ./../Libraries/FreeRTOS/FreeRTOS/../BCDS_Customization/debug/libFreeRTOS_efm32_debug.a(queue.o)
                0x00020b48                xQueueGenericReset
 .text.xQueueGenericCreate
                0x00020c10       0x90 ./../Libraries/FreeRTOS/FreeRTOS/../BCDS_Customization/debug/libFreeRTOS_efm32_debug.a(queue.o)
                0x00020c10                xQueueGenericCreate
 .text.xQueueCreateMutex
                0x00020ca0       0xb0 ./../Libraries/FreeRTOS/FreeRTOS/../BCDS_Customization/debug/libFreeRTOS_efm32_debug.a(queue.o)
                0x00020ca0                xQueueCreateMutex
 .text.xQueueGenericSend
                0x00020d50      0x19c ./../Libraries/FreeRTOS/FreeRTOS/../BCDS_Customization/debug/libFreeRTOS_efm32_debug.a(queue.o)
                0x00020d50                xQueueGenericSend
 .text.xQueueGenericSendFromISR
                0x00020eec       0xec ./../Libraries/FreeRTOS/FreeRTOS/../BCDS_Customization/debug/libFreeRTOS_efm32_debug.a(queue.o)
                0x00020eec                xQueueGenericSendFromISR
 .text.xQueueGenericReceive
                0x00020fd8      0x1e0 ./../Libraries/FreeRTOS/FreeRTOS/../BCDS_Customization/debug/libFreeRTOS_efm32_debug.a(queue.o)
                0x00020fd8                xQueueGenericReceive
 .text.xQueueReceiveFromISR
                0x000211b8       0xcc ./../Libraries/FreeRTOS/FreeRTOS/../BCDS_Customization/debug/libFreeRTOS_efm32_debug.a(queue.o)
                0x000211b8                xQueueReceiveFromISR
 .text.vQueueDelete
                0x00021284       0x48 ./../Libraries/FreeRTOS/FreeRTOS/../BCDS_Customization/debug/libFreeRTOS_efm32_debug.a(queue.o)
                0x00021284                vQueueDelete
 .text.prvCopyDataToQueue
                0x000212cc       0xdc ./../Libraries/FreeRTOS/FreeRTOS/../BCDS_Customization/debug/libFreeRTOS_efm32_debug.a(queue.o)
 .text.prvCopyDataFromQueue
                0x000213a8       0x50 ./../Libraries/FreeRTOS/FreeRTOS/../BCDS_Customization/debug/libFreeRTOS_efm32_debug.a(queue.o)
 .text.prvUnlockQueue
                0x000213f8       0xa0 ./../Libraries/FreeRTOS/FreeRTOS/../BCDS_Customization/debug/libFreeRTOS_efm32_debug.a(queue.o)
 .text.prvIsQueueEmpty
                0x00021498       0x34 ./../Libraries/FreeRTOS/FreeRTOS/../BCDS_Customization/debug/libFreeRTOS_efm32_debug.a(queue.o)
 .text.prvIsQueueFull
                0x000214cc       0x38 ./../Libraries/FreeRTOS/FreeRTOS/../BCDS_Customization/debug/libFreeRTOS_efm32_debug.a(queue.o)
 .text.vQueueAddToRegistry
                0x00021504       0x64 ./../Libraries/FreeRTOS/FreeRTOS/../BCDS_Customization/debug/libFreeRTOS_efm32_debug.a(queue.o)
                0x00021504                vQueueAddToRegistry
 .text.vQueueUnregisterQueue
                0x00021568       0x54 ./../Libraries/FreeRTOS/FreeRTOS/../BCDS_Customization/debug/libFreeRTOS_efm32_debug.a(queue.o)
                0x00021568                vQueueUnregisterQueue
 .text.vQueueWaitForMessageRestricted
                0x000215bc       0x60 ./../Libraries/FreeRTOS/FreeRTOS/../BCDS_Customization/debug/libFreeRTOS_efm32_debug.a(queue.o)
                0x000215bc                vQueueWaitForMessageRestricted
 .text.xTaskGenericCreate
                0x0002161c      0x1d0 ./../Libraries/FreeRTOS/FreeRTOS/../BCDS_Customization/debug/libFreeRTOS_efm32_debug.a(tasks.o)
                0x0002161c                xTaskGenericCreate
 .text.vTaskDelay
                0x000217ec       0x78 ./../Libraries/FreeRTOS/FreeRTOS/../BCDS_Customization/debug/libFreeRTOS_efm32_debug.a(tasks.o)
                0x000217ec                vTaskDelay
 .text.vTaskSuspend
                0x00021864       0xec ./../Libraries/FreeRTOS/FreeRTOS/../BCDS_Customization/debug/libFreeRTOS_efm32_debug.a(tasks.o)
                0x00021864                vTaskSuspend
 .text.prvTaskIsTaskSuspended
                0x00021950       0x80 ./../Libraries/FreeRTOS/FreeRTOS/../BCDS_Customization/debug/libFreeRTOS_efm32_debug.a(tasks.o)
 .text.vTaskResume
                0x000219d0       0xc0 ./../Libraries/FreeRTOS/FreeRTOS/../BCDS_Customization/debug/libFreeRTOS_efm32_debug.a(tasks.o)
                0x000219d0                vTaskResume
 .text.vTaskStartScheduler
                0x00021a90       0x94 ./../Libraries/FreeRTOS/FreeRTOS/../BCDS_Customization/debug/libFreeRTOS_efm32_debug.a(tasks.o)
                0x00021a90                vTaskStartScheduler
 .text.vTaskSuspendAll
                0x00021b24       0x24 ./../Libraries/FreeRTOS/FreeRTOS/../BCDS_Customization/debug/libFreeRTOS_efm32_debug.a(tasks.o)
                0x00021b24                vTaskSuspendAll
 .text.xTaskResumeAll
                0x00021b48      0x17c ./../Libraries/FreeRTOS/FreeRTOS/../BCDS_Customization/debug/libFreeRTOS_efm32_debug.a(tasks.o)
                0x00021b48                xTaskResumeAll
 .text.xTaskGetTickCount
                0x00021cc4       0x28 ./../Libraries/FreeRTOS/FreeRTOS/../BCDS_Customization/debug/libFreeRTOS_efm32_debug.a(tasks.o)
                0x00021cc4                xTaskGetTickCount
 .text.xTaskIncrementTick
                0x00021cec      0x208 ./../Libraries/FreeRTOS/FreeRTOS/../BCDS_Customization/debug/libFreeRTOS_efm32_debug.a(tasks.o)
                0x00021cec                xTaskIncrementTick
 .text.vTaskSwitchContext
                0x00021ef4      0x16c ./../Libraries/FreeRTOS/FreeRTOS/../BCDS_Customization/debug/libFreeRTOS_efm32_debug.a(tasks.o)
                0x00021ef4                vTaskSwitchContext
 .text.vTaskPlaceOnEventList
                0x00022060       0x90 ./../Libraries/FreeRTOS/FreeRTOS/../BCDS_Customization/debug/libFreeRTOS_efm32_debug.a(tasks.o)
                0x00022060                vTaskPlaceOnEventList
 .text.vTaskPlaceOnEventListRestricted
                0x000220f0       0x68 ./../Libraries/FreeRTOS/FreeRTOS/../BCDS_Customization/debug/libFreeRTOS_efm32_debug.a(tasks.o)
                0x000220f0                vTaskPlaceOnEventListRestricted
 .text.xTaskRemoveFromEventList
                0x00022158       0xe8 ./../Libraries/FreeRTOS/FreeRTOS/../BCDS_Customization/debug/libFreeRTOS_efm32_debug.a(tasks.o)
                0x00022158                xTaskRemoveFromEventList
 .text.vTaskSetTimeOutState
                0x00022240       0x44 ./../Libraries/FreeRTOS/FreeRTOS/../BCDS_Customization/debug/libFreeRTOS_efm32_debug.a(tasks.o)
                0x00022240                vTaskSetTimeOutState
 .text.xTaskCheckForTimeOut
                0x00022284       0xc4 ./../Libraries/FreeRTOS/FreeRTOS/../BCDS_Customization/debug/libFreeRTOS_efm32_debug.a(tasks.o)
                0x00022284                xTaskCheckForTimeOut
 .text.vTaskMissedYield
                0x00022348       0x18 ./../Libraries/FreeRTOS/FreeRTOS/../BCDS_Customization/debug/libFreeRTOS_efm32_debug.a(tasks.o)
                0x00022348                vTaskMissedYield
 .text.prvIdleTask
                0x00022360       0x10 ./../Libraries/FreeRTOS/FreeRTOS/../BCDS_Customization/debug/libFreeRTOS_efm32_debug.a(tasks.o)
 .text.prvInitialiseTCBVariables
                0x00022370       0xa0 ./../Libraries/FreeRTOS/FreeRTOS/../BCDS_Customization/debug/libFreeRTOS_efm32_debug.a(tasks.o)
 .text.prvInitialiseTaskLists
                0x00022410       0xa4 ./../Libraries/FreeRTOS/FreeRTOS/../BCDS_Customization/debug/libFreeRTOS_efm32_debug.a(tasks.o)
 .text.prvCheckTasksWaitingTermination
                0x000224b4       0x9c ./../Libraries/FreeRTOS/FreeRTOS/../BCDS_Customization/debug/libFreeRTOS_efm32_debug.a(tasks.o)
 .text.prvAddCurrentTaskToDelayedList
                0x00022550       0x8c ./../Libraries/FreeRTOS/FreeRTOS/../BCDS_Customization/debug/libFreeRTOS_efm32_debug.a(tasks.o)
 .text.prvAllocateTCBAndStack
                0x000225dc       0x70 ./../Libraries/FreeRTOS/FreeRTOS/../BCDS_Customization/debug/libFreeRTOS_efm32_debug.a(tasks.o)
 .text.prvDeleteTCB
                0x0002264c       0x20 ./../Libraries/FreeRTOS/FreeRTOS/../BCDS_Customization/debug/libFreeRTOS_efm32_debug.a(tasks.o)
 .text.prvResetNextTaskUnblockTime
                0x0002266c       0x5c ./../Libraries/FreeRTOS/FreeRTOS/../BCDS_Customization/debug/libFreeRTOS_efm32_debug.a(tasks.o)
 .text.xTaskGetCurrentTaskHandle
                0x000226c8       0x20 ./../Libraries/FreeRTOS/FreeRTOS/../BCDS_Customization/debug/libFreeRTOS_efm32_debug.a(tasks.o)
                0x000226c8                xTaskGetCurrentTaskHandle
 .text.xTaskGetSchedulerState
                0x000226e8       0x48 ./../Libraries/FreeRTOS/FreeRTOS/../BCDS_Customization/debug/libFreeRTOS_efm32_debug.a(tasks.o)
                0x000226e8                xTaskGetSchedulerState
 .text.vTaskPriorityInherit
                0x00022730       0xf0 ./../Libraries/FreeRTOS/FreeRTOS/../BCDS_Customization/debug/libFreeRTOS_efm32_debug.a(tasks.o)
                0x00022730                vTaskPriorityInherit
 .text.vTaskPriorityDisinherit
                0x00022820       0x98 ./../Libraries/FreeRTOS/FreeRTOS/../BCDS_Customization/debug/libFreeRTOS_efm32_debug.a(tasks.o)
                0x00022820                vTaskPriorityDisinherit
 .text.xTimerCreateTimerTask
                0x000228b8       0x78 ./../Libraries/FreeRTOS/FreeRTOS/../BCDS_Customization/debug/libFreeRTOS_efm32_debug.a(timers.o)
                0x000228b8                xTimerCreateTimerTask
 .text.xTimerCreate
                0x00022930       0x7c ./../Libraries/FreeRTOS/FreeRTOS/../BCDS_Customization/debug/libFreeRTOS_efm32_debug.a(timers.o)
                0x00022930                xTimerCreate
 .text.xTimerGenericCommand
                0x000229ac       0xac ./../Libraries/FreeRTOS/FreeRTOS/../BCDS_Customization/debug/libFreeRTOS_efm32_debug.a(timers.o)
                0x000229ac                xTimerGenericCommand
 .text.prvProcessExpiredTimer
                0x00022a58       0x88 ./../Libraries/FreeRTOS/FreeRTOS/../BCDS_Customization/debug/libFreeRTOS_efm32_debug.a(timers.o)
 .text.prvTimerTask
                0x00022ae0       0x24 ./../Libraries/FreeRTOS/FreeRTOS/../BCDS_Customization/debug/libFreeRTOS_efm32_debug.a(timers.o)
 .text.prvProcessTimerOrBlockTask
                0x00022b04       0x74 ./../Libraries/FreeRTOS/FreeRTOS/../BCDS_Customization/debug/libFreeRTOS_efm32_debug.a(timers.o)
 .text.prvGetNextExpireTime
                0x00022b78       0x54 ./../Libraries/FreeRTOS/FreeRTOS/../BCDS_Customization/debug/libFreeRTOS_efm32_debug.a(timers.o)
 .text.prvSampleTimeNow
                0x00022bcc       0x4c ./../Libraries/FreeRTOS/FreeRTOS/../BCDS_Customization/debug/libFreeRTOS_efm32_debug.a(timers.o)
 .text.prvInsertTimerInActiveList
                0x00022c18       0x94 ./../Libraries/FreeRTOS/FreeRTOS/../BCDS_Customization/debug/libFreeRTOS_efm32_debug.a(timers.o)
 .text.prvProcessReceivedCommands
                0x00022cac      0x174 ./../Libraries/FreeRTOS/FreeRTOS/../BCDS_Customization/debug/libFreeRTOS_efm32_debug.a(timers.o)
 .text.prvSwitchTimerLists
                0x00022e20       0xf0 ./../Libraries/FreeRTOS/FreeRTOS/../BCDS_Customization/debug/libFreeRTOS_efm32_debug.a(timers.o)
 .text.prvCheckForValidListAndQueue
                0x00022f10       0xb8 ./../Libraries/FreeRTOS/FreeRTOS/../BCDS_Customization/debug/libFreeRTOS_efm32_debug.a(timers.o)
 .text.xTimerPendFunctionCallFromISR
                0x00022fc8       0x4c ./../Libraries/FreeRTOS/FreeRTOS/../BCDS_Customization/debug/libFreeRTOS_efm32_debug.a(timers.o)
                0x00022fc8                xTimerPendFunctionCallFromISR
 .text.pvPortMalloc
                0x00023014      0x188 ./../Libraries/FreeRTOS/FreeRTOS/../BCDS_Customization/debug/libFreeRTOS_efm32_debug.a(heap_4.o)
                0x00023014                pvPortMalloc
 .text.vPortFree
                0x0002319c       0xcc ./../Libraries/FreeRTOS/FreeRTOS/../BCDS_Customization/debug/libFreeRTOS_efm32_debug.a(heap_4.o)
                0x0002319c                vPortFree
 .text.prvHeapInit
                0x00023268      0x100 ./../Libraries/FreeRTOS/FreeRTOS/../BCDS_Customization/debug/libFreeRTOS_efm32_debug.a(heap_4.o)
 .text.prvInsertBlockIntoFreeList
                0x00023368       0xbc ./../Libraries/FreeRTOS/FreeRTOS/../BCDS_Customization/debug/libFreeRTOS_efm32_debug.a(heap_4.o)
 .text.pxPortInitialiseStack
                0x00023424       0x64 ./../Libraries/FreeRTOS/FreeRTOS/../BCDS_Customization/debug/libFreeRTOS_efm32_debug.a(port.o)
                0x00023424                pxPortInitialiseStack
 .text.prvTaskExitError
                0x00023488       0x2c ./../Libraries/FreeRTOS/FreeRTOS/../BCDS_Customization/debug/libFreeRTOS_efm32_debug.a(port.o)
 .text.SVC_Handler
                0x000234b4       0x24 ./../Libraries/FreeRTOS/FreeRTOS/../BCDS_Customization/debug/libFreeRTOS_efm32_debug.a(port.o)
                0x000234b4                SVC_Handler
 .text.prvPortStartFirstTask
                0x000234d8       0x1c ./../Libraries/FreeRTOS/FreeRTOS/../BCDS_Customization/debug/libFreeRTOS_efm32_debug.a(port.o)
 .text.xPortStartScheduler
                0x000234f4      0x10c ./../Libraries/FreeRTOS/FreeRTOS/../BCDS_Customization/debug/libFreeRTOS_efm32_debug.a(port.o)
                0x000234f4                xPortStartScheduler
 .text.vPortYield
                0x00023600       0x20 ./../Libraries/FreeRTOS/FreeRTOS/../BCDS_Customization/debug/libFreeRTOS_efm32_debug.a(port.o)
                0x00023600                vPortYield
 .text.vPortEnterCritical
                0x00023620       0x2c ./../Libraries/FreeRTOS/FreeRTOS/../BCDS_Customization/debug/libFreeRTOS_efm32_debug.a(port.o)
                0x00023620                vPortEnterCritical
 .text.vPortExitCritical
                0x0002364c       0x54 ./../Libraries/FreeRTOS/FreeRTOS/../BCDS_Customization/debug/libFreeRTOS_efm32_debug.a(port.o)
                0x0002364c                vPortExitCritical
 .text.ulPortSetInterruptMask
                0x000236a0       0x14 ./../Libraries/FreeRTOS/FreeRTOS/../BCDS_Customization/debug/libFreeRTOS_efm32_debug.a(port.o)
                0x000236a0                ulPortSetInterruptMask
 .text.vPortClearInterruptMask
                0x000236b4        0x8 ./../Libraries/FreeRTOS/FreeRTOS/../BCDS_Customization/debug/libFreeRTOS_efm32_debug.a(port.o)
                0x000236b4                vPortClearInterruptMask
 .text.PendSV_Handler
                0x000236bc       0x44 ./../Libraries/FreeRTOS/FreeRTOS/../BCDS_Customization/debug/libFreeRTOS_efm32_debug.a(port.o)
                0x000236bc                PendSV_Handler
 .text.vPortValidateInterruptPriority
                0x00023700       0x78 ./../Libraries/FreeRTOS/FreeRTOS/../BCDS_Customization/debug/libFreeRTOS_efm32_debug.a(port.o)
                0x00023700                vPortValidateInterruptPriority
 .text.vListInitialise
                0x00023778       0x40 ./../Libraries/FreeRTOS/FreeRTOS/../BCDS_Customization/debug/libFreeRTOS_efm32_debug.a(list.o)
                0x00023778                vListInitialise
 .text.vListInitialiseItem
                0x000237b8       0x1c ./../Libraries/FreeRTOS/FreeRTOS/../BCDS_Customization/debug/libFreeRTOS_efm32_debug.a(list.o)
                0x000237b8                vListInitialiseItem
 .text.vListInsertEnd
                0x000237d4       0x48 ./../Libraries/FreeRTOS/FreeRTOS/../BCDS_Customization/debug/libFreeRTOS_efm32_debug.a(list.o)
                0x000237d4                vListInsertEnd
 .text.vListInsert
                0x0002381c       0x74 ./../Libraries/FreeRTOS/FreeRTOS/../BCDS_Customization/debug/libFreeRTOS_efm32_debug.a(list.o)
                0x0002381c                vListInsert
 .text.uxListRemove
                0x00023890       0x58 ./../Libraries/FreeRTOS/FreeRTOS/../BCDS_Customization/debug/libFreeRTOS_efm32_debug.a(list.o)
                0x00023890                uxListRemove
 .text.I2C_init
                0x000238e8      0x100 ./../Platform/Peripherals/debug/libPeripherals_efm32_debug.a(I2C_cc.o)
                0x000238e8                I2C_init
 .text.I2C_delayFunction
                0x000239e8       0x54 ./../Platform/Peripherals/debug/libPeripherals_efm32_debug.a(I2C_cc.o)
                0x000239e8                I2C_delayFunction
 .text.I2C_i2cDecodeCallbackFunction